Component: ARM Compiler 5.05 update 1 (build 106) Tool: armlink [4d0efa]

==============================================================================

Section Cross References

    startup_m2sxxx.o(STACK) refers (Special) to heapauxi.o(.text) for __use_two_region_memory
    startup_m2sxxx.o(HEAP) refers (Special) to heapauxi.o(.text) for __use_two_region_memory
    startup_m2sxxx.o(RESET) refers (Special) to heapauxi.o(.text) for __use_two_region_memory
    startup_m2sxxx.o(RESET) refers to startup_m2sxxx.o(STACK) for __initial_sp
    startup_m2sxxx.o(RESET) refers to startup_m2sxxx.o(.text) for Reset_Handler
    startup_m2sxxx.o(RESET) refers to os_cpu_a.o(CODE) for OS_CPU_PendSVHandler
    startup_m2sxxx.o(RESET) refers to os_cpu_c.o(.text) for OS_CPU_SysTickHandler
    startup_m2sxxx.o(RESET) refers to extern.o(.text) for Timer1_IRQHandler
    startup_m2sxxx.o(RESET) refers to can.o(.text) for CAN_IRQHandler
    startup_m2sxxx.o(RESET) refers to fpgacan.o(.text) for GPIO0_IRQHandler
    startup_m2sxxx.o(.text) refers (Special) to heapauxi.o(.text) for __use_two_region_memory
    startup_m2sxxx.o(.text) refers to system_m2sxxx.o(.text) for SystemInit
    startup_m2sxxx.o(.text) refers to __main.o(!!!main) for __main
    startup_m2sxxx.o(.text) refers to startup_m2sxxx.o(HEAP) for Heap_Mem
    startup_m2sxxx.o(.text) refers to startup_m2sxxx.o(STACK) for Stack_Mem
    system_m2sxxx.o(.text) refers to startup_m2sxxx.o(.text) for mscc_post_hw_cfg_init
    system_m2sxxx.o(.text) refers to system_m2sxxx.o(.data) for SystemCoreClock
    main.o(.text) refers to _printf_percent.o(.ARM.Collect$$_printf_percent$$00000000) for _printf_percent
    main.o(.text) refers to _printf_u.o(.ARM.Collect$$_printf_percent$$0000000A) for _printf_u
    main.o(.text) refers to _printf_dec.o(.text) for _printf_int_dec
    main.o(.text) refers to _printf_d.o(.ARM.Collect$$_printf_percent$$00000009) for _printf_d
    main.o(.text) refers to fpgauart.o(.text) for FPGAUart_SendString
    main.o(.text) refers to fpgacan.o(.text) for CAN_Data_Analysis
    main.o(.text) refers to os_time.o(.text) for OSTimeDly
    main.o(.text) refers to time.o(.text) for entry_manage
    main.o(.text) refers to flyprog.o(.text) for ckstate_update
    main.o(.text) refers to memory.o(.text) for getVarIn3_16
    main.o(.text) refers to noretval__2sprintf.o(.text) for __2sprintf
    main.o(.text) refers to os_task.o(.text) for OSTaskCreate
    main.o(.text) refers to main.o(.bss) for ZS
    main.o(.text) refers to main.o(.data) for func_ck_reset
    main.o(.text) refers to fpgacan.o(.bss) for g_tCanSendState
    main.o(.text) refers to cpu_core.o(.text) for CPU_Init
    main.o(.text) refers to cpu_a.o(.text) for CPU_IntDis
    main.o(.text) refers to extern.o(.text) for System_HW_Init
    main.o(.text) refers to os_core.o(.text) for OSInit
    main.o(.text) refers to system_m2sxxx.o(.data) for SystemCoreClock
    basic.o(.text) refers to dleqf.o(x$fpl$dleqf) for __aeabi_cdcmple
    basic.o(.text) refers to deqf.o(x$fpl$deqf) for __aeabi_cdcmpeq
    basic.o(.text) refers to pow.o(i.pow) for pow
    basic.o(.text) refers to rt_memcpy_w.o(.text) for __aeabi_memcpy4
    basic.o(.text) refers to strtoul.o(.text) for strtoul
    basic.o(.text) refers to strcmpv7m.o(.text) for strcmp
    basic.o(.text) refers to basic.o(.constdata) for .constdata
    extern.o(.text) refers to mss_gpio.o(.text) for MSS_GPIO_init
    extern.o(.text) refers to fpgauart.o(.text) for FPGAUart_Init
    extern.o(.text) refers to fpgacan.o(.text) for CANIP_Init
    extern.o(.text) refers to extern.o(.bss) for g_ZJState
    extern.o(.text) refers to extern.o(.data) for uiSecond
    extern.o(.text) refers to fpgacan.o(.bss) for g_tCanSendState
    fpgauart.o(.text) refers to os_time.o(.text) for OSTimeDly
    fpgauart.o(.text) refers to rt_memclr_w.o(.text) for __aeabi_memclr4
    fpgauart.o(.text) refers to rt_memclr.o(.text) for __aeabi_memclr
    fpgauart.o(.text) refers to basic.o(.text) for u8_2_u16
    fpgauart.o(.text) refers to fpgauart.o(.bss) for g_tCXUartRecv
    fpgauart.o(.text) refers to fpgauart.o(.data) for g_tTXJUartState
    fpgauart.o(.text) refers to extern.o(.bss) for g_ZJState
    fpgauart.o(.text) refers to fpgacan.o(.bss) for g_tCanSend_TXJYKCMD
    fpgauart.o(.text) refers to rt_memcpy_v6.o(.text) for __aeabi_memcpy
    fpgauart.o(.text) refers to rt_memcpy_w.o(.text) for __aeabi_memcpy4
    fpgacan.o(.text) refers to os_time.o(.text) for OSTimeDly
    fpgacan.o(.text) refers to basic.o(.text) for u32_2_u8
    fpgacan.o(.text) refers to fpgacan.o(.bss) for g_tCanRecv
    fpgacan.o(.text) refers to mss_gpio.o(.text) for MSS_GPIO_clear_irq
    fpgacan.o(.text) refers to rt_memclr_w.o(.text) for __aeabi_memclr4
    fpgacan.o(.text) refers to fpgacan.o(.data) for SJAcanReceiveCountA
    fpgacan.o(.text) refers to rt_memcpy_w.o(.text) for __aeabi_memcpy4
    fpgacan.o(.text) refers to fpgauart.o(.text) for FPGAUart_SendString
[...]
    FPGAUart_Init                            0x0000141d   Thumb Code    60  fpgauart.o(.text)
    FPGAUart_SendByte                        0x00001459   Thumb Code     4  fpgauart.o(.text)
    FPGAUart_SendString                      0x0000145d   Thumb Code    26  fpgauart.o(.text)
    FPGAUart_SendArray                       0x00001477   Thumb Code    24  fpgauart.o(.text)
    delay_1ms                                0x0000148f   Thumb Code    16  fpgauart.o(.text)
    FPGAUart_ReceiveByte                     0x0000149f   Thumb Code    16  fpgauart.o(.text)
    FPGAUart_ReceiveArray                    0x000014af   Thumb Code    30  fpgauart.o(.text)
    Is_FPGA_Uart_RxFifo_Empty                0x000014cd   Thumb Code    70  fpgauart.o(.text)
    UART_Soft_Init                           0x00001513   Thumb Code   224  fpgauart.o(.text)
    UART_Reset                               0x000015f3   Thumb Code   130  fpgauart.o(.text)
    TXJ_UART_YK_Cmd_Process                  0x00001675   Thumb Code  1534  fpgauart.o(.text)
    CX_UART_SC_Request_Process               0x00001c73   Thumb Code   764  fpgauart.o(.text)
    CX_UART_YC_Request_Process               0x00001f6f   Thumb Code   528  fpgauart.o(.text)
    CX_UART_YK_Cmd_Process                   0x0000217f   Thumb Code  4236  fpgauart.o(.text)
    UART_Data_Process                        0x0000320b   Thumb Code   210  fpgauart.o(.text)
    CX_UART_Data_Analysis                    0x000032dd   Thumb Code  2040  fpgauart.o(.text)
    DC_UART_Data_Analysis                    0x00003ad5   Thumb Code  2048  fpgauart.o(.text)
    TXJ_UART_Data_Analysis                   0x000042d5   Thumb Code   860  fpgauart.o(.text)
    TXJ_UART_YC_Pack                         0x00004631   Thumb Code  2252  fpgauart.o(.text)
    TXJ_UART_YC_Send                         0x00004efd   Thumb Code    50  fpgauart.o(.text)
    GZ_UART_Data_Analysis                    0x00004f2f   Thumb Code   108  fpgauart.o(.text)
    Delay_c                                  0x00004fcd   Thumb Code    16  fpgacan.o(.text)
    CANIP_Write                              0x00004fdd   Thumb Code    36  fpgacan.o(.text)
    CANIP_Read                               0x00005001   Thumb Code    54  fpgacan.o(.text)
    CANIP_Init                               0x00005037   Thumb Code   154  fpgacan.o(.text)
    CANIP_Frame_Send                         0x000050d1   Thumb Code   184  fpgacan.o(.text)
    CANIP_Frame_Recv                         0x00005189   Thumb Code   212  fpgacan.o(.text)
    CANIP_ISR                                0x0000525d   Thumb Code   230  fpgacan.o(.text)
    SJACanInit_PELI                          0x00005343   Thumb Code   252  fpgacan.o(.text)
    SJACanInit_BASIC                         0x0000543f   Thumb Code   152  fpgacan.o(.text)
    SJACanReceive_PELI                       0x000054d7   Thumb Code   150  fpgacan.o(.text)
    GPIO0_IRQHandler                         0x0000556d   Thumb Code   142  fpgacan.o(.text)
    SJACanSend_BASIC                         0x000055fb   Thumb Code   126  fpgacan.o(.text)
    SJACanReceive_BASIC                      0x00005679   Thumb Code   118  fpgacan.o(.text)
    SJACanSend_PELI                          0x000056ef   Thumb Code   180  fpgacan.o(.text)
    CAN_Soft_Init                            0x000057a3   Thumb Code   234  fpgacan.o(.text)
    CAN_Soft_Reset                           0x0000588d   Thumb Code    86  fpgacan.o(.text)
    CAN_Data_Analysis                        0x000058e3   Thumb Code   754  fpgacan.o(.text)
    CAN_Data_Send                            0x00005bd5   Thumb Code   404  fpgacan.o(.text)
    CAN_Receive                              0x00005db5   Thumb Code   120  can.o(.text)
    CAN_IRQHandler                           0x00005e2d   Thumb Code    38  can.o(.text)
    CAN_Init                                 0x00005e53   Thumb Code   126  can.o(.text)
    CAN_Send_OneFrame                        0x00005ed1   Thumb Code   116  can.o(.text)
    CAN_Send_Array                           0x00005f45   Thumb Code   100  can.o(.text)
    CAN_Send                                 0x00005fa9   Thumb Code   122  can.o(.text)
    CAN_Demo                                 0x00006023   Thumb Code   126  can.o(.text)
    entry_manage                             0x000060c1   Thumb Code   208  time.o(.text)
    get_time_48bit                           0x00006191   Thumb Code    22  time.o(.text)
    systime_add                              0x000061a7   Thumb Code   166  time.o(.text)
    gps_ok_proce                             0x0000624d   Thumb Code   100  time.o(.text)
    SaveTo3                                  0x000062cd   Thumb Code    50  memory.o(.text)
    SaveTo3_16                               0x000062ff   Thumb Code    18  memory.o(.text)
    SaveTo3_I16                              0x00006311   Thumb Code    16  memory.o(.text)
    SaveTo3_32                               0x00006321   Thumb Code    18  memory.o(.text)
    SaveTo3_I32                              0x00006333   Thumb Code    16  memory.o(.text)
    SaveTo3_CPU_FP32                         0x00006343   Thumb Code    18  memory.o(.text)
    SaveTo3_CPU_FP64                         0x00006355   Thumb Code    18  memory.o(.text)
    getVarIn3_8                              0x00006367   Thumb Code   114  memory.o(.text)
    getVarIn3_16                             0x000063d9   Thumb Code   142  memory.o(.text)
    getVarIn3_I16                            0x00006467   Thumb Code    14  memory.o(.text)
    getVarIn3_32                             0x00006475   Thumb Code   142  memory.o(.text)
    getVarIn3_I32                            0x00006503   Thumb Code    12  memory.o(.text)
    urgent_ck                                0x00006511   Thumb Code     2  flyprog.o(.text)
    ckstate_update                           0x00006513   Thumb Code   872  flyprog.o(.text)
    temperature_control                      0x0000687b   Thumb Code   378  flyprog.o(.text)
    get_wk_data                              0x000069f5   Thumb Code   244  flyprog.o(.text)
    cmdEnqueue                               0x00006af9   Thumb Code    86  tc.o(.text)
    CPU_TS_TmrInit                           0x00006b59   Thumb Code     2  bsp_cpu.o(.text)
    CPU_TS_TmrRd                             0x00006b5b   Thumb Code     4  bsp_cpu.o(.text)
    CPU_TS32_to_uSec                         0x00006b5f   Thumb Code     8  bsp_cpu.o(.text)
    BSP_CPU_ClkFreqGet                       0x00006b67   Thumb Code    92  bsp_cpu.o(.text)
    BSP_APB_ClkFreqGet                       0x00006bc3   Thumb Code    12  bsp_cpu.o(.text)
    CPU_IntDis                               0x00006be1   Thumb Code     0  cpu_a.o(.text)
    CPU_IntEn                                0x00006be5   Thumb Code     0  cpu_a.o(.text)
    CPU_SR_Save                              0x00006be9   Thumb Code     0  cpu_a.o(.text)
    CPU_SR_Restore                           0x00006c05   Thumb Code     0  cpu_a.o(.text)
    CPU_WaitForInt                           0x00006c17   Thumb Code     0  cpu_a.o(.text)
    CPU_WaitForExcept                        0x00006c1b   Thumb Code     0  cpu_a.o(.text)
    CPU_CntLeadZeros                         0x00006c1f   Thumb Code     0  cpu_a.o(.text)
    CPU_CntTrailZeros                        0x00006c25   Thumb Code     0  cpu_a.o(.text)
    CPU_RevBits                              0x00006c2f   Thumb Code     0  cpu_a.o(.text)
    CPU_Init                                 0x00006c43   Thumb Code     8  cpu_core.o(.text)
    CPU_SW_Exception                         0x00006c4b   Thumb Code     4  cpu_core.o(.text)
    CPU_TS_Get32                             0x00006c4f   Thumb Code    12  cpu_core.o(.text)
    CPU_TS_Update                            0x00006c5b   Thumb Code     2  cpu_core.o(.text)
    CPU_TS_TmrFreqGet                        0x00006c5d   Thumb Code    30  cpu_core.o(.text)
    CPU_TS_TmrFreqSet                        0x00006c7b   Thumb Code     6  cpu_core.o(.text)
    CPU_CntLeadZeros08                       0x00006c81   Thumb Code    18  cpu_core.o(.text)
    CPU_CntLeadZeros16                       0x00006c93   Thumb Code    18  cpu_core.o(.text)
    CPU_CntLeadZeros32                       0x00006ca5   Thumb Code    18  cpu_core.o(.text)
    CPU_CntLeadZeros64                       0x00006cb7   Thumb Code   218  cpu_core.o(.text)
    CPU_CntTrailZeros08                      0x00006d91   Thumb Code    22  cpu_core.o(.text)
    CPU_CntTrailZeros16                      0x00006da7   Thumb Code    22  cpu_core.o(.text)
    CPU_CntTrailZeros32                      0x00006dbd   Thumb Code    22  cpu_core.o(.text)
    CPU_CntTrailZeros64                      0x00006dd3   Thumb Code    62  cpu_core.o(.text)
    CPU_PopCnt32                             0x00006e11   Thumb Code    56  cpu_core.o(.text)
    CPU_StatReset                            0x00006e49   Thumb Code     2  cpu_core.o(.text)
    Mem_Init                                 0x00006e55   Thumb Code     8  lib_mem.o(.text)
    Mem_Set                                  0x00006e5d   Thumb Code    84  lib_mem.o(.text)
    Mem_Clr                                  0x00006eb1   Thumb Code    18  lib_mem.o(.text)
    Mem_Copy                                 0x00006ec3   Thumb Code   128  lib_mem.o(.text)
    Mem_Move                                 0x00006f43   Thumb Code   186  lib_mem.o(.text)
    Mem_Cmp                                  0x00006ffd   Thumb Code   192  lib_mem.o(.text)
    Mem_SegCreate                            0x000070d9   Thumb Code    76  lib_mem.o(.text)
    Mem_SegClr                               0x00007125   Thumb Code    50  lib_mem.o(.text)
    Mem_SegRemSizeGet                        0x00007157   Thumb Code   150  lib_mem.o(.text)
    Mem_SegAlloc                             0x000072fb   Thumb Code    54  lib_mem.o(.text)
    Mem_SegAllocExt                          0x00007331   Thumb Code    56  lib_mem.o(.text)
    Mem_SegAllocHW                           0x00007369   Thumb Code    56  lib_mem.o(.text)
    Mem_DynPoolCreate                        0x0000749f   Thumb Code    66  lib_mem.o(.text)
    Mem_DynPoolCreateHW                      0x000074e1   Thumb Code    66  lib_mem.o(.text)
    Mem_DynPoolBlkGet                        0x00007523   Thumb Code   200  lib_mem.o(.text)
    Mem_DynPoolBlkFree                       0x000075eb   Thumb Code   126  lib_mem.o(.text)
    Mem_DynPoolBlkNbrAvailGet                0x00007669   Thumb Code    72  lib_mem.o(.text)
    OSIdleTaskHook                           0x000076b1   Thumb Code     2  os_cpu_c.o(.text)
    OSInitHook                               0x000076b3   Thumb Code    34  os_cpu_c.o(.text)
    OSRedzoneHitHook                         0x000076d5   Thumb Code    14  os_cpu_c.o(.text)
    OSStatTaskHook                           0x000076e3   Thumb Code     2  os_cpu_c.o(.text)
    OSTaskCreateHook                         0x000076e5   Thumb Code     2  os_cpu_c.o(.text)
    OSTaskDelHook                            0x000076e7   Thumb Code     2  os_cpu_c.o(.text)
    OSTaskReturnHook                         0x000076e9   Thumb Code     2  os_cpu_c.o(.text)
    OSTaskStkInit                            0x000076eb   Thumb Code   204  os_cpu_c.o(.text)
    OSTaskSwHook                             0x000077b7   Thumb Code    94  os_cpu_c.o(.text)
    OSTimeTickHook                           0x00007815   Thumb Code     2  os_cpu_c.o(.text)
    OS_CPU_SysTickHandler                    0x00007817   Thumb Code    48  os_cpu_c.o(.text)
    OS_CPU_SysTickInit                       0x00007847   Thumb Code    50  os_cpu_c.o(.text)
    OS_CPU_SysTickInitFreq                   0x00007879   Thumb Code    20  os_cpu_c.o(.text)
    OSCfg_Init                               0x000078b1   Thumb Code     2  os_cfg_app.o(.text)
    OS_IdleTask                              0x000078b5   Thumb Code    54  os_core.o(.text)
    OS_IdleTaskInit                          0x000078eb   Thumb Code    68  os_core.o(.text)
    OS_RdyListInit                           0x0000792f   Thumb Code    30  os_core.o(.text)
    OSInit                                   0x0000794d   Thumb Code   244  os_core.o(.text)
    OSIntEnter                               0x00007a41   Thumb Code    34  os_core.o(.text)
    OSIntExit                                0x00007a63   Thumb Code   230  os_core.o(.text)
    OSSched                                  0x00007b49   Thumb Code   142  os_core.o(.text)
    OSSchedLock                              0x00007bd7   Thumb Code   100  os_core.o(.text)
    OSSchedUnlock                            0x00007c3b   Thumb Code   272  os_core.o(.text)
    OSSchedRoundRobinCfg                     0x00007d4b   Thumb Code    88  os_core.o(.text)
    OS_RdyListMoveHeadToTail                 0x00007da3   Thumb Code    62  os_core.o(.text)
    OSSchedRoundRobinYield                   0x00007de1   Thumb Code   164  os_core.o(.text)
    OSStart                                  0x00007e85   Thumb Code   120  os_core.o(.text)
    OSVersion                                0x00007efd   Thumb Code    12  os_core.o(.text)
    OS_PendDbgNameAdd                        0x00007f09   Thumb Code    64  os_core.o(.text)
    OS_PendListInsertPrio                    0x00007f49   Thumb Code   102  os_core.o(.text)
    OS_RdyListRemove                         0x00007faf   Thumb Code    86  os_core.o(.text)
    OS_TaskBlock                             0x00008005   Thumb Code    44  os_core.o(.text)
    OS_Pend                                  0x00008031   Thumb Code    64  os_core.o(.text)
    OS_PendListRemove                        0x00008071   Thumb Code    78  os_core.o(.text)
    OS_RdyListInsertHead                     0x000080bf   Thumb Code    58  os_core.o(.text)
    OS_RdyListInsertTail                     0x000080f9   Thumb Code    56  os_core.o(.text)
    OS_RdyListInsert                         0x00008131   Thumb Code   120  os_core.o(.text)
    OS_PendAbort                             0x000081a9   Thumb Code   142  os_core.o(.text)
    OS_PendDbgNameRemove                     0x00008237   Thumb Code    36  os_core.o(.text)
    OS_PendListChangePrio                    0x0000825b   Thumb Code    34  os_core.o(.text)
    OS_PendListInit                          0x0000827d   Thumb Code    10  os_core.o(.text)
    OS_Post                                  0x00008287   Thumb Code   172  os_core.o(.text)
    OS_SchedRoundRobin                       0x00008333   Thumb Code   192  os_core.o(.text)
    OS_Dbg_Init                              0x00008405   Thumb Code   288  os_dbg.o(.text)
    OS_MemDbgListAdd                         0x00008635   Thumb Code    34  os_mem.o(.text)
    OSMemCreate                              0x00008657   Thumb Code   262  os_mem.o(.text)
    OSMemGet                                 0x0000875d   Thumb Code   120  os_mem.o(.text)
    OSMemPut                                 0x000087d5   Thumb Code   130  os_mem.o(.text)
    OS_MemInit                               0x00008857   Thumb Code    14  os_mem.o(.text)
    OS_MsgPoolInit                           0x00008875   Thumb Code   110  os_msg.o(.text)
    OS_MsgQFreeAll                           0x000088e3   Thumb Code    60  os_msg.o(.text)
    OS_MsgQInit                              0x0000891f   Thumb Code    14  os_msg.o(.text)
    OS_MsgQGet                               0x0000892d   Thumb Code    98  os_msg.o(.text)
    OS_MsgQPut                               0x0000898f   Thumb Code   254  os_msg.o(.text)
    OS_MutexDbgListAdd                       0x00008a99   Thumb Code    38  os_mutex.o(.text)
    OSMutexCreate                            0x00008abf   Thumb Code   148  os_mutex.o(.text)
    OS_MutexClr                              0x00008b53   Thumb Code    34  os_mutex.o(.text)
    OS_MutexGrpPrioFindHighest               0x00008b75   Thumb Code    42  os_mutex.o(.text)
    OS_MutexGrpRemove                        0x00008b9f   Thumb Code    28  os_mutex.o(.text)
    OS_MutexDbgListRemove                    0x00008bbb   Thumb Code    44  os_mutex.o(.text)
    OSMutexDel                               0x00008be7   Thumb Code   370  os_mutex.o(.text)
    OS_MutexGrpAdd                           0x00008d59   Thumb Code     8  os_mutex.o(.text)
    OSMutexPend                              0x00008d61   Thumb Code   558  os_mutex.o(.text)
    OSMutexPendAbort                         0x00008f8f   Thumb Code   326  os_mutex.o(.text)
    OSMutexPost                              0x000090d5   Thumb Code   412  os_mutex.o(.text)
    OS_MutexGrpPostAll                       0x00009271   Thumb Code   120  os_mutex.o(.text)
    OS_PrioInit                              0x000092e9   Thumb Code    20  os_prio.o(.text)
    OS_PrioGetHighest                        0x000092fd   Thumb Code    34  os_prio.o(.text)
    OS_PrioInsert                            0x0000931f   Thumb Code    48  os_prio.o(.text)
    OS_PrioRemove                            0x0000934f   Thumb Code    48  os_prio.o(.text)
    OSStatReset                              0x00009385   Thumb Code   266  os_stat.o(.text)
    OSStatTaskCPUUsageInit                   0x0000948f   Thumb Code   236  os_stat.o(.text)
    OS_StatTask                              0x0000957b   Thumb Code   860  os_stat.o(.text)
    OS_StatTaskInit                          0x000098d7   Thumb Code   146  os_stat.o(.text)
    OS_TaskChangePrio                        0x000099c5   Thumb Code   232  os_task.o(.text)
    OSTaskChangePrio                         0x00009aad   Thumb Code   184  os_task.o(.text)
    OS_TaskDbgListAdd                        0x00009b65   Thumb Code    42  os_task.o(.text)
    OS_TaskStkRedzoneInit                    0x00009b8f   Thumb Code    20  os_task.o(.text)
    OS_TaskInitTCB                           0x00009ba3   Thumb Code   188  os_task.o(.text)
    OSTaskCreate                             0x00009c5f   Thumb Code   500  os_task.o(.text)
    OS_TaskDbgListRemove                     0x00009e53   Thumb Code    64  os_task.o(.text)
    OSTaskDel                                0x00009e93   Thumb Code   404  os_task.o(.text)
    OSTaskQFlush                             0x0000a027   Thumb Code   130  os_task.o(.text)
    OSTaskQPend                              0x0000a0a9   Thumb Code   516  os_task.o(.text)
    OSTaskQPendAbort                         0x0000a2ad   Thumb Code   204  os_task.o(.text)
    OSTaskQPost                              0x0000a379   Thumb Code   284  os_task.o(.text)
    OSTaskRegGet                             0x0000a495   Thumb Code    80  os_task.o(.text)
    OSTaskRegGetID                           0x0000a4e5   Thumb Code    86  os_task.o(.text)
    OSTaskRegSet                             0x0000a53b   Thumb Code    80  os_task.o(.text)
    OSTaskResume                             0x0000a58b   Thumb Code   374  os_task.o(.text)
    OSTaskSemPend                            0x0000a701   Thumb Code   490  os_task.o(.text)
    OSTaskSemPendAbort                       0x0000a8eb   Thumb Code   234  os_task.o(.text)
    OSTaskSemPost                            0x0000a9d5   Thumb Code   334  os_task.o(.text)
    OSTaskSemSet                             0x0000ab23   Thumb Code   122  os_task.o(.text)
    OSTaskStkChk                             0x0000ab9d   Thumb Code   214  os_task.o(.text)
    OS_TaskStkRedzoneChk                     0x0000ac73   Thumb Code    34  os_task.o(.text)
    OSTaskStkRedzoneChk                      0x0000ac95   Thumb Code    50  os_task.o(.text)
    OSTaskSuspend                            0x0000acc7   Thumb Code   368  os_task.o(.text)
    OSTaskTimeQuantaSet                      0x0000ae37   Thumb Code    96  os_task.o(.text)
    OS_TaskInit                              0x0000ae97   Thumb Code    18  os_task.o(.text)
    OS_TaskReturn                            0x0000aea9   Thumb Code    20  os_task.o(.text)
    OS_TickInit                              0x0000aee5   Thumb Code    18  os_tick.o(.text)
    OS_TickUpdate                            0x0000b02d   Thumb Code    88  os_tick.o(.text)
    OS_TickListInsert                        0x0000b085   Thumb Code   162  os_tick.o(.text)
    OS_TickListInsertDly                     0x0000b127   Thumb Code   134  os_tick.o(.text)
    OS_TickListRemove                        0x0000b1ad   Thumb Code    82  os_tick.o(.text)
    OSTimeDly                                0x0000b211   Thumb Code   172  os_time.o(.text)
    OSTimeDlyHMSM                            0x0000b2bd   Thumb Code   360  os_time.o(.text)
    OSTimeDlyResume                          0x0000b425   Thumb Code   220  os_time.o(.text)
    OSTimeGet                                0x0000b501   Thumb Code    48  os_time.o(.text)
    OSTimeSet                                0x0000b531   Thumb Code    48  os_time.o(.text)
    OSTimeTick                               0x0000b561   Thumb Code    44  os_time.o(.text)
    OS_TmrDbgListAdd                         0x0000b5bb   Thumb Code    34  os_tmr.o(.text)
    OSTmrCreate                              0x0000b5f1   Thumb Code   236  os_tmr.o(.text)
    OS_TmrClr                                0x0000b6dd   Thumb Code    34  os_tmr.o(.text)
    OS_TmrUnlink                             0x0000b755   Thumb Code   190  os_tmr.o(.text)
    OS_TmrDbgListRemove                      0x0000b813   Thumb Code    44  os_tmr.o(.text)
    OSTmrDel                                 0x0000b83f   Thumb Code   246  os_tmr.o(.text)
    OSTmrRemainGet                           0x0000b935   Thumb Code   294  os_tmr.o(.text)
    OSTmrSet                                 0x0000ba5b   Thumb Code   172  os_tmr.o(.text)
    OS_TmrLink                               0x0000bb07   Thumb Code   172  os_tmr.o(.text)
    OSTmrStart                               0x0000bbb3   Thumb Code   264  os_tmr.o(.text)
    OSTmrStateGet                            0x0000bcbb   Thumb Code   124  os_tmr.o(.text)
    OSTmrStop                                0x0000bd37   Thumb Code   368  os_tmr.o(.text)
    OS_TmrTask                               0x0000bfc5   Thumb Code   256  os_tmr.o(.text)
    OS_TmrInit                               0x0000c0fb   Thumb Code   180  os_tmr.o(.text)
    MSS_GPIO_init                            0x0000c22d   Thumb Code    22  mss_gpio.o(.text)
    MSS_GPIO_config                          0x0000c243   Thumb Code    16  mss_gpio.o(.text)
    MSS_GPIO_set_output                      0x0000c253   Thumb Code    42  mss_gpio.o(.text)
    MSS_GPIO_drive_inout                     0x0000c27d   Thumb Code   140  mss_gpio.o(.text)
    MSS_GPIO_enable_irq                      0x0000c309   Thumb Code    62  mss_gpio.o(.text)
    MSS_GPIO_disable_irq                     0x0000c347   Thumb Code    30  mss_gpio.o(.text)
    MSS_GPIO_clear_irq                       0x0000c365   Thumb Code    28  mss_gpio.o(.text)
    MSS_CAN_config_buffer_n                  0x0000c3ad   Thumb Code   160  mss_can.o(.text)
    MSS_CAN_init                             0x0000c44d   Thumb Code   250  mss_can.o(.text)
    MSS_CAN_start                            0x0000c547   Thumb Code    88  mss_can.o(.text)
    MSS_CAN_set_config_reg                   0x0000c59f   Thumb Code    60  mss_can.o(.text)
    MSS_CAN_set_mode                         0x0000c5db   Thumb Code    46  mss_can.o(.text)
    MSS_CAN_stop                             0x0000c609   Thumb Code    14  mss_can.o(.text)
    MSS_CAN_get_id                           0x0000c617   Thumb Code    22  mss_can.o(.text)
    MSS_CAN_set_id                           0x0000c62d   Thumb Code    24  mss_can.o(.text)
    MSS_CAN_get_msg_filter_mask              0x0000c645   Thumb Code    22  mss_can.o(.text)
    MSS_CAN_set_int_ebl                      0x0000c65b   Thumb Code    12  mss_can.o(.text)
    MSS_CAN_clear_int_ebl                    0x0000c667   Thumb Code    12  mss_can.o(.text)
    MSS_CAN_get_global_int_ebl               0x0000c673   Thumb Code    12  mss_can.o(.text)
    MSS_CAN_get_int_ebl                      0x0000c67f   Thumb Code    12  mss_can.o(.text)
    MSS_CAN_clear_int_status                 0x0000c68b   Thumb Code     6  mss_can.o(.text)
    MSS_CAN_get_int_status                   0x0000c691   Thumb Code     8  mss_can.o(.text)
    MSS_CAN_set_rtr_message_n                0x0000c699   Thumb Code   104  mss_can.o(.text)
    MSS_CAN_get_rtr_message_abort_n          0x0000c701   Thumb Code    72  mss_can.o(.text)
    MSS_CAN_config_buffer                    0x0000c749   Thumb Code   136  mss_can.o(.text)
    MSS_CAN_get_message_n                    0x0000c7d1   Thumb Code   178  mss_can.o(.text)
    MSS_CAN_get_message                      0x0000c883   Thumb Code   156  mss_can.o(.text)
    MSS_CAN_get_message_av                   0x0000c91f   Thumb Code    58  mss_can.o(.text)
    MSS_CAN_send_message_n                   0x0000c959   Thumb Code   152  mss_can.o(.text)
    MSS_CAN_send_message_abort_n             0x0000c9f1   Thumb Code    68  mss_can.o(.text)
    MSS_CAN_send_message_ready               0x0000ca35   Thumb Code    56  mss_can.o(.text)
    MSS_CAN_get_tx_buffer_status             0x0000ca6d   Thumb Code     8  mss_can.o(.text)
    MSS_CAN_send_message                     0x0000ca75   Thumb Code   130  mss_can.o(.text)
    MSS_CAN_get_mask_n                       0x0000caf7   Thumb Code    76  mss_can.o(.text)
    MSS_CAN_set_mask_n                       0x0000cb43   Thumb Code    68  mss_can.o(.text)
    MSS_CAN_get_rx_buffer_status             0x0000cb87   Thumb Code     8  mss_can.o(.text)
    MSS_CAN_get_error_status                 0x0000cb8f   Thumb Code    16  mss_can.o(.text)
    MSS_CAN_get_rx_error_count               0x0000cb9f   Thumb Code    12  mss_can.o(.text)
    MSS_CAN_get_rx_gte96                     0x0000cbab   Thumb Code    12  mss_can.o(.text)
    MSS_CAN_get_tx_error_count               0x0000cbb7   Thumb Code    10  mss_can.o(.text)
    MSS_CAN_get_tx_gte96                     0x0000cbc1   Thumb Code    12  mss_can.o(.text)
    __2sprintf                               0x0000cbcd   Thumb Code    34  noretval__2sprintf.o(.text)
    _printf_int_dec                          0x0000cbf5   Thumb Code   104  _printf_dec.o(.text)
    __printf                                 0x0000cc6d   Thumb Code   184  __printf_ss.o(.text)
    strtoul                                  0x0000cd25   Thumb Code   114  strtoul.o(.text)
    __aeabi_memcpy                           0x0000cd97   Thumb Code     0  rt_memcpy_v6.o(.text)
    __rt_memcpy                              0x0000cd97   Thumb Code   138  rt_memcpy_v6.o(.text)
    _memcpy_lastbytes                        0x0000cdfd   Thumb Code     0  rt_memcpy_v6.o(.text)
    __aeabi_memcpy4                          0x0000ce21   Thumb Code     0  rt_memcpy_w.o(.text)
    __aeabi_memcpy8                          0x0000ce21   Thumb Code     0  rt_memcpy_w.o(.text)
    __rt_memcpy_w                            0x0000ce21   Thumb Code   100  rt_memcpy_w.o(.text)
    _memcpy_lastbytes_aligned                0x0000ce69   Thumb Code     0  rt_memcpy_w.o(.text)
    __aeabi_memclr                           0x0000ce85   Thumb Code     0  rt_memclr.o(.text)
    __rt_memclr                              0x0000ce85   Thumb Code    68  rt_memclr.o(.text)
    _memset                                  0x0000ce89   Thumb Code     0  rt_memclr.o(.text)
    __aeabi_memclr4                          0x0000cec9   Thumb Code     0  rt_memclr_w.o(.text)
    __aeabi_memclr8                          0x0000cec9   Thumb Code     0  rt_memclr_w.o(.text)
    __rt_memclr_w                            0x0000cec9   Thumb Code    78  rt_memclr_w.o(.text)
    _memset_w                                0x0000cecd   Thumb Code     0  rt_memclr_w.o(.text)
    strcmp                                   0x0000cf19   Thumb Code   128  strcmpv7m.o(.text)
    __use_two_region_memory                  0x0000cf99   Thumb Code     2  heapauxi.o(.text)
    __rt_heap_escrow                         0x0000cf9b   Thumb Code     2  heapauxi.o(.text)
    __rt_heap_expand                         0x0000cf9d   Thumb Code     2  heapauxi.o(.text)
    __I$use$semihosting                      0x0000cf9f   Thumb Code     0  use_no_semi.o(.text)
    __use_no_semihosting_swi                 0x0000cf9f   Thumb Code     2  use_no_semi.o(.text)
    __rt_ctype_table                         0x0000cfa1   Thumb Code    16  rt_ctype_table.o(.text)
    __semihosting_library_function           0x0000cfa1   Thumb Code     0  indicate_semi.o(.text)
    __aeabi_errno_addr                       0x0000cfb1   Thumb Code     8  rt_errno_addr_intlibspace.o(.text)
    __errno$intlibspace                      0x0000cfb1   Thumb Code     0  rt_errno_addr_intlibspace.o(.text)
    __rt_errno_addr$intlibspace              0x0000cfb1   Thumb Code     0  rt_errno_addr_intlibspace.o(.text)
    __read_errno                             0x0000cfb9   Thumb Code    10  _rserrno.o(.text)
    __set_errno                              0x0000cfc3   Thumb Code    12  _rserrno.o(.text)
    _printf_int_common                       0x0000cfcf   Thumb Code   178  _printf_intcommon.o(.text)
    _printf_char_common                      0x0000d08b   Thumb Code    32  _printf_char_common.o(.text)
    _sputc                                   0x0000d0b1   Thumb Code    10  _sputc.o(.text)
    _strtoul                                 0x0000d0bb   Thumb Code   158  _strtoul.o(.text)
    __user_libspace                          0x0000d159   Thumb Code     8  libspace.o(.text)
    __user_perproc_libspace                  0x0000d159   Thumb Code     0  libspace.o(.text)
    __user_perthread_libspace                0x0000d159   Thumb Code     0  libspace.o(.text)
    __rt_locale                              0x0000d161   Thumb Code     8  rt_locale_intlibspace.o(.text)
    _chval                                   0x0000d169   Thumb Code    28  _chval.o(.text)
    __user_setup_stackheap                   0x0000d185   Thumb Code    74  sys_stackheap_outer.o(.text)
    exit                                     0x0000d1cf   Thumb Code    12  exit.o(.text)
    _sys_exit                                0x0000d1dd   Thumb Code     8  sys_exit.o(.text)
    OSStartHighRdy                           0x0000d1e9   Thumb Code     0  os_cpu_a.o(CODE)
    OSCtxSw                                  0x0000d267   Thumb Code     0  os_cpu_a.o(CODE)
    OSIntCtxSw                               0x0000d267   Thumb Code     0  os_cpu_a.o(CODE)
    OS_CPU_PendSVHandler                     0x0000d271   Thumb Code     0  os_cpu_a.o(CODE)
    __ARM_fpclassify                         0x0000d2f1   Thumb Code    40  fpclassify.o(i.__ARM_fpclassify)
    __kernel_poly                            0x0000d319   Thumb Code   170  poly.o(i.__kernel_poly)
    __mathlib_dbl_divzero                    0x0000d3c5   Thumb Code    12  dunder.o(i.__mathlib_dbl_divzero)
    __mathlib_dbl_infnan2                    0x0000d3d5   Thumb Code     4  dunder.o(i.__mathlib_dbl_infnan2)
    __mathlib_dbl_invalid                    0x0000d3d9   Thumb Code    12  dunder.o(i.__mathlib_dbl_invalid)
    __mathlib_dbl_overflow                   0x0000d3e5   Thumb Code    14  dunder.o(i.__mathlib_dbl_overflow)
    __mathlib_dbl_underflow                  0x0000d3f5   Thumb Code    10  dunder.o(i.__mathlib_dbl_underflow)
    pow                                      0x0000d405   Thumb Code  2478  pow.o(i.pow)
    sqrt                                     0x0000ddbd   Thumb Code    76  sqrt.o(i.sqrt)
    _get_lc_ctype                            0x0000de09   Thumb Code    44  lc_ctype_c.o(locale$$code)
    __aeabi_dadd                             0x0000de35   Thumb Code     0  daddsub_clz.o(x$fpl$dadd)
    _dadd                                    0x0000de35   Thumb Code   332  daddsub_clz.o(x$fpl$dadd)
    __fpl_dcheck_NaN1                        0x0000df85   Thumb Code    10  dcheck1.o(x$fpl$dcheck1)
    __fpl_dcmp_Inf                           0x0000df95   Thumb Code    24  dcmpi.o(x$fpl$dcmpinf)
    __aeabi_ddiv                             0x0000dfad   Thumb Code     0  ddiv.o(x$fpl$ddiv)
    _ddiv                                    0x0000dfad   Thumb Code   552  ddiv.o(x$fpl$ddiv)
    __aeabi_cdcmpeq                          0x0000e25d   Thumb Code     0  deqf.o(x$fpl$deqf)
    _dcmpeq                                  0x0000e25d   Thumb Code   120  deqf.o(x$fpl$deqf)
    __aeabi_i2d                              0x0000e2d5   Thumb Code     0  dflt_clz.o(x$fpl$dflt)
    _dflt                                    0x0000e2d5   Thumb Code    46  dflt_clz.o(x$fpl$dflt)
    __aeabi_cdcmple                          0x0000e305   Thumb Code     0  dleqf.o(x$fpl$dleqf)
    _dcmple                                  0x0000e305   Thumb Code   120  dleqf.o(x$fpl$dleqf)
    __fpl_dcmple_InfNaN                      0x0000e367   Thumb Code     0  dleqf.o(x$fpl$dleqf)
    __aeabi_dmul                             0x0000e37d   Thumb Code     0  dmul.o(x$fpl$dmul)
    _dmul                                    0x0000e37d   Thumb Code   332  dmul.o(x$fpl$dmul)
    __fpl_dnaninf                            0x0000e4d1   Thumb Code   156  dnaninf.o(x$fpl$dnaninf)
    __fpl_dretinf                            0x0000e56d   Thumb Code    12  dretinf.o(x$fpl$dretinf)
    __aeabi_cdrcmple                         0x0000e579   Thumb Code     0  drleqf.o(x$fpl$drleqf)
    _drcmple                                 0x0000e579   Thumb Code   108  drleqf.o(x$fpl$drleqf)
    __aeabi_drsub                            0x0000e5e5   Thumb Code     0  daddsub_clz.o(x$fpl$drsb)
    _drsb                                    0x0000e5e5   Thumb Code    22  daddsub_clz.o(x$fpl$drsb)
    _dsqrt                                   0x0000e5fd   Thumb Code   456  dsqrt_noumaal.o(x$fpl$dsqrt)
    __aeabi_dsub                             0x0000e7c9   Thumb Code     0  daddsub_clz.o(x$fpl$dsub)
    _dsub                                    0x0000e7c9   Thumb Code   464  daddsub_clz.o(x$fpl$dsub)
    __fpl_return_NaN                         0x0000e99d   Thumb Code   100  retnan.o(x$fpl$retnan)
    __ARM_scalbn                             0x0000ea01   Thumb Code    92  scalbn.o(x$fpl$scalbn)
    __fpl_cmpreturn                          0x0000ea5d   Thumb Code    48  trapv.o(x$fpl$trapveneer)
    __I$use$fp                               0x0000ea8c   Number         0  usenofp.o(x$fpl$usenofp)
    cpu_state                                0x0000eabc   Data           4  flyprog.o(.constdata)
    temp_cmd_table                           0x0000eac0   Data         504  flyprog.o(.constdata)
    FD_off                                   0x0000ecb8   Data           4  flyprog.o(.constdata)
    TJ_off                                   0x0000ecbc   Data           4  flyprog.o(.constdata)
    GM_off                                   0x0000ecc0   Data           4  flyprog.o(.constdata)
    TXJ_off                                  0x0000ecc4   Data           4  flyprog.o(.constdata)
    XM_off                                   0x0000ecc8   Data           4  flyprog.o(.constdata)
    GZ_off                                   0x0000eccc   Data           4  flyprog.o(.constdata)
    GNSS_off                                 0x0000ecd0   Data           4  flyprog.o(.constdata)
    CPU_EndiannessTest                       0x0000ee7c   Data           4  cpu_core.o(.constdata)
    OSCfg_IdleTaskStkBasePtr                 0x0000ee80   Data           4  os_cfg_app.o(.constdata)
    OSCfg_IdleTaskStkLimit                   0x0000ee84   Data           4  os_cfg_app.o(.constdata)
    OSCfg_IdleTaskStkSize                    0x0000ee88   Data           4  os_cfg_app.o(.constdata)
    OSCfg_IdleTaskStkSizeRAM                 0x0000ee8c   Data           4  os_cfg_app.o(.constdata)
    OSCfg_ISRStkBasePtr                      0x0000ee90   Data           4  os_cfg_app.o(.constdata)
    OSCfg_ISRStkSize                         0x0000ee94   Data           4  os_cfg_app.o(.constdata)
    OSCfg_ISRStkSizeRAM                      0x0000ee98   Data           4  os_cfg_app.o(.constdata)
    OSCfg_MsgPoolSize                        0x0000ee9c   Data           2  os_cfg_app.o(.constdata)
    OSCfg_MsgPoolSizeRAM                     0x0000eea0   Data           4  os_cfg_app.o(.constdata)
    OSCfg_MsgPoolBasePtr                     0x0000eea4   Data           4  os_cfg_app.o(.constdata)
    OSCfg_StatTaskPrio                       0x0000eea8   Data           1  os_cfg_app.o(.constdata)
    OSCfg_StatTaskRate_Hz                    0x0000eeac   Data           4  os_cfg_app.o(.constdata)
    OSCfg_StatTaskStkBasePtr                 0x0000eeb0   Data           4  os_cfg_app.o(.constdata)
    OSCfg_StatTaskStkLimit                   0x0000eeb4   Data           4  os_cfg_app.o(.constdata)
    OSCfg_StatTaskStkSize                    0x0000eeb8   Data           4  os_cfg_app.o(.constdata)
    OSCfg_StatTaskStkSizeRAM                 0x0000eebc   Data           4  os_cfg_app.o(.constdata)
    OSCfg_StkSizeMin                         0x0000eec0   Data           4  os_cfg_app.o(.constdata)
    OSCfg_TickRate_Hz                        0x0000eec4   Data           4  os_cfg_app.o(.constdata)
    OSCfg_TmrTaskPrio                        0x0000eec8   Data           1  os_cfg_app.o(.constdata)
    OSCfg_TmrTaskRate_Hz                     0x0000eecc   Data           4  os_cfg_app.o(.constdata)
    OSCfg_TmrTaskStkBasePtr                  0x0000eed0   Data           4  os_cfg_app.o(.constdata)
    OSCfg_TmrTaskStkLimit                    0x0000eed4   Data           4  os_cfg_app.o(.constdata)
    OSCfg_TmrTaskStkSize                     0x0000eed8   Data           4  os_cfg_app.o(.constdata)
    OSCfg_TmrTaskStkSizeRAM                  0x0000eedc   Data           4  os_cfg_app.o(.constdata)
    OSCfg_DataSizeRAM                        0x0000eee0   Data           4  os_cfg_app.o(.constdata)
    OSDbg_DbgEn                              0x0000eee4   Data           1  os_dbg.o(.constdata)
    OSDbg_ArgChkEn                           0x0000eee5   Data           1  os_dbg.o(.constdata)
    OSDbg_AppHooksEn                         0x0000eee6   Data           1  os_dbg.o(.constdata)
    OSDbg_EndiannessTest                     0x0000eee8   Data           4  os_dbg.o(.constdata)
    OSDbg_CalledFromISRChkEn                 0x0000eeec   Data           1  os_dbg.o(.constdata)
    OSDbg_FlagEn                             0x0000eeed   Data           1  os_dbg.o(.constdata)
    OSDbg_FlagGrp                            0x0000eef0   Data          40  os_dbg.o(.constdata)
    OSDbg_FlagDelEn                          0x0000ef18   Data           1  os_dbg.o(.constdata)
    OSDbg_FlagModeClrEn                      0x0000ef19   Data           1  os_dbg.o(.constdata)
    OSDbg_FlagPendAbortEn                    0x0000ef1a   Data           1  os_dbg.o(.constdata)
    OSDbg_FlagGrpSize                        0x0000ef1c   Data           2  os_dbg.o(.constdata)
    OSDbg_FlagWidth                          0x0000ef1e   Data           2  os_dbg.o(.constdata)
    OSDbg_Mem                                0x0000ef20   Data          32  os_dbg.o(.constdata)
    OSDbg_MemEn                              0x0000ef40   Data           1  os_dbg.o(.constdata)
    OSDbg_MemSize                            0x0000ef42   Data           2  os_dbg.o(.constdata)
    OSDbg_MsgEn                              0x0000ef44   Data           1  os_dbg.o(.constdata)
    OSDbg_MsgSize                            0x0000ef46   Data           2  os_dbg.o(.constdata)
    OSDbg_MsgPoolSize                        0x0000ef48   Data           2  os_dbg.o(.constdata)
    OSDbg_MsgQSize                           0x0000ef4a   Data           2  os_dbg.o(.constdata)
    OSDbg_Mutex                              0x0000ef4c   Data          48  os_dbg.o(.constdata)
    OSDbg_MutexEn                            0x0000ef7c   Data           1  os_dbg.o(.constdata)
    OSDbg_MutexDelEn                         0x0000ef7d   Data           1  os_dbg.o(.constdata)
    OSDbg_MutexPendAbortEn                   0x0000ef7e   Data           1  os_dbg.o(.constdata)
    OSDbg_MutexSize                          0x0000ef80   Data           2  os_dbg.o(.constdata)
    OSDbg_ObjTypeChkEn                       0x0000ef82   Data           1  os_dbg.o(.constdata)
    OSDbg_ObjCreatedChkEn                    0x0000ef83   Data           1  os_dbg.o(.constdata)
    OSDbg_PendListSize                       0x0000ef84   Data           2  os_dbg.o(.constdata)
    OSDbg_PendObjSize                        0x0000ef86   Data           2  os_dbg.o(.constdata)
    OSDbg_PrioMax                            0x0000ef88   Data           2  os_dbg.o(.constdata)
    OSDbg_PrioTblSize                        0x0000ef8a   Data           2  os_dbg.o(.constdata)
    OSDbg_PtrSize                            0x0000ef8c   Data           2  os_dbg.o(.constdata)
    OSDbg_Q                                  0x0000ef90   Data          48  os_dbg.o(.constdata)
    OSDbg_QEn                                0x0000efc0   Data           1  os_dbg.o(.constdata)
    OSDbg_QDelEn                             0x0000efc1   Data           1  os_dbg.o(.constdata)
    OSDbg_QFlushEn                           0x0000efc2   Data           1  os_dbg.o(.constdata)
    OSDbg_QPendAbortEn                       0x0000efc3   Data           1  os_dbg.o(.constdata)
    OSDbg_QSize                              0x0000efc4   Data           2  os_dbg.o(.constdata)
    OSDbg_SchedRoundRobinEn                  0x0000efc6   Data           1  os_dbg.o(.constdata)
    OSDbg_Sem                                0x0000efc8   Data          40  os_dbg.o(.constdata)
    OSDbg_SemEn                              0x0000eff0   Data           1  os_dbg.o(.constdata)
    OSDbg_SemDelEn                           0x0000eff1   Data           1  os_dbg.o(.constdata)
    OSDbg_SemPendAbortEn                     0x0000eff2   Data           1  os_dbg.o(.constdata)
    OSDbg_SemSetEn                           0x0000eff3   Data           1  os_dbg.o(.constdata)
    OSDbg_SemSize                            0x0000eff4   Data           2  os_dbg.o(.constdata)
    OSDbg_RdyList                            0x0000eff6   Data           2  os_dbg.o(.constdata)
    OSDbg_RdyListSize                        0x0000eff8   Data           4  os_dbg.o(.constdata)
    OSDbg_StkWidth                           0x0000effc   Data           1  os_dbg.o(.constdata)
    OSDbg_StatTaskEn                         0x0000effd   Data           1  os_dbg.o(.constdata)
    OSDbg_StatTaskStkChkEn                   0x0000effe   Data           1  os_dbg.o(.constdata)
    OSDbg_TaskChangePrioEn                   0x0000efff   Data           1  os_dbg.o(.constdata)
    OSDbg_TaskDelEn                          0x0000f000   Data           1  os_dbg.o(.constdata)
    OSDbg_TaskQEn                            0x0000f001   Data           1  os_dbg.o(.constdata)
    OSDbg_TaskQPendAbortEn                   0x0000f002   Data           1  os_dbg.o(.constdata)
    OSDbg_TaskProfileEn                      0x0000f003   Data           1  os_dbg.o(.constdata)
    OSDbg_TaskRegTblSize                     0x0000f004   Data           2  os_dbg.o(.constdata)
    OSDbg_TaskSemPendAbortEn                 0x0000f006   Data           1  os_dbg.o(.constdata)
    OSDbg_TaskSuspendEn                      0x0000f007   Data           1  os_dbg.o(.constdata)
    OSDbg_TCBSize                            0x0000f008   Data           2  os_dbg.o(.constdata)
    OSDbg_TickListSize                       0x0000f00a   Data           2  os_dbg.o(.constdata)
    OSDbg_TimeDlyHMSMEn                      0x0000f00c   Data           1  os_dbg.o(.constdata)
    OSDbg_TimeDlyResumeEn                    0x0000f00d   Data           1  os_dbg.o(.constdata)
    OSDbg_TLS_TblSize                        0x0000f00e   Data           2  os_dbg.o(.constdata)
    OSDbg_Tmr                                0x0000f010   Data          48  os_dbg.o(.constdata)
    OSDbg_TmrEn                              0x0000f040   Data           1  os_dbg.o(.constdata)
    OSDbg_TmrDelEn                           0x0000f041   Data           1  os_dbg.o(.constdata)
    OSDbg_TmrSize                            0x0000f042   Data           2  os_dbg.o(.constdata)
    OSDbg_VersionNbr                         0x0000f044   Data           2  os_dbg.o(.constdata)
    OSDbg_DataSize                           0x0000f048   Data           4  os_dbg.o(.constdata)
    __mathlib_zero                           0x0000f178   Data           8  qnan.o(.constdata)
    Region$$Table$$Base                      0x0000f180   Number         0  anon$$obj.o(Region$$Table)
    Region$$Table$$Limit                     0x0000f1a0   Number         0  anon$$obj.o(Region$$Table)
    __ctype                                  0x0000f1ad   Data           0  lc_ctype_c.o(locale$$data)
    SystemCoreClock                          0x20000000   Data           4  system_m2sxxx.o(.data)
    g_FrequencyPCLK0                         0x20000004   Data           4  system_m2sxxx.o(.data)
    g_FrequencyPCLK1                         0x20000008   Data           4  system_m2sxxx.o(.data)
    g_FrequencyPCLK2                         0x2000000c   Data           4  system_m2sxxx.o(.data)
    g_FrequencyFIC0                          0x20000010   Data           4  system_m2sxxx.o(.data)
    g_FrequencyFIC1                          0x20000014   Data           4  system_m2sxxx.o(.data)
    g_FrequencyFIC64                         0x20000018   Data           4  system_m2sxxx.o(.data)
    func_sc_replay                           0x2000001c   Data           4  main.o(.data)
    func_inzs_handle                         0x20000020   Data           4  main.o(.data)
    func_inCmd_handle                        0x20000024   Data           4  main.o(.data)
    func_ck_reset                            0x20000028   Data           4  main.o(.data)
    func_batt_over_protec                    0x2000002c   Data           4  main.o(.data)
    func_beiyong_func                        0x20000030   Data           4  main.o(.data)
    func_sc_cache                            0x20000034   Data           4  main.o(.data)
    func_sc_real                             0x20000038   Data           4  main.o(.data)
    G_TIMETA                                 0x20000040   Data           1  main.o(.data)
    g_tTXJUartState                          0x20000048   Data           3  fpgauart.o(.data)
    SJAcanReceiveCountA                      0x2000004d   Data           1  fpgacan.o(.data)
    SJAcanReceiveCountB                      0x2000004e   Data           1  fpgacan.o(.data)
    can_receive_count                        0x2000004f   Data           1  can.o(.data)
    last_tick                                0x20000050   Data           4  time.o(.data)
    TCPGS                                    0x20000054   Data           6  time.o(.data)
    gps_ok_tag                               0x2000005a   Data           2  time.o(.data)
    gps_ok_count                             0x2000005c   Data           2  time.o(.data)
    gps_error_count                          0x2000005e   Data           2  time.o(.data)
    auto_connect_enable_state                0x20000060   Data           4  flyprog.o(.data)
    zk_start                                 0x20000064   Data           4  flyprog.o(.data)
    auto_switch_enable_state                 0x20000068   Data           4  flyprog.o(.data)
    USB_cnt                                  0x2000006c   Data           2  flyprog.o(.data)
    FD_on                                    0x20000070   Data           4  flyprog.o(.data)
    TJ_on                                    0x20000074   Data           4  flyprog.o(.data)
    GM_on                                    0x20000078   Data           4  flyprog.o(.data)
    TXJ_on                                   0x2000007c   Data           4  flyprog.o(.data)
    XM_on                                    0x20000080   Data           4  flyprog.o(.data)
    GZ_on                                    0x20000084   Data           4  flyprog.o(.data)
    GNSS_on                                  0x20000088   Data           4  flyprog.o(.data)
    HEATER                                   0x2000008c   Data           1  flyprog.o(.data)
    PTmode_Finished                          0x20000090   Data           1  program_control.o(.data)
    PTmode_Status                            0x20000091   Data           1  program_control.o(.data)
    GNCmode_Finished                         0x20000092   Data           1  program_control.o(.data)
    GNCmode_Status                           0x20000093   Data           1  program_control.o(.data)
    modeFinished                             0x20000094   Data           1  program_control.o(.data)
    initExecuted                             0x2000009c   Data           1  program_control.o(.data)
    selfTestCompleted                        0x2000009d   Data           1  program_control.o(.data)
    preheatCompleted                         0x2000009e   Data           1  program_control.o(.data)
    g_commTimer                              0x200000a0   Data           4  program_control.o(.data)
    g_naviDataTimer                          0x200000a4   Data           4  program_control.o(.data)
    selfTestCommandReceived                  0x200000a8   Data           4  program_control.o(.data)
    preheatCommandReceived                   0x200000ac   Data           4  program_control.o(.data)
    faultDetected                            0x200000b0   Data           4  program_control.o(.data)
    mode                                     0x200000b4   Data           1  program_control.o(.data)
    telemetryUpdateTime                      0x200000b8   Data           4  program_control.o(.data)
    telemetryRestartCount                    0x200000bc   Data           4  program_control.o(.data)
    imuUpdateTime                            0x200000c0   Data           4  program_control.o(.data)
    imuRestartCount                          0x200000c4   Data           4  program_control.o(.data)
    gnssUpdateTime                           0x200000c8   Data           4  program_control.o(.data)
    gnssRestartCount                         0x200000cc   Data           4  program_control.o(.data)
    communicationDeviceUpdateTime            0x200000d0   Data           4  program_control.o(.data)
    communicationDeviceRestartCount          0x200000d4   Data           4  program_control.o(.data)
    observationDeviceUpdateTime              0x200000d8   Data           4  program_control.o(.data)
    observationDeviceRestartCount            0x200000dc   Data           4  program_control.o(.data)
    payloadCoverCount                        0x200000e0   Data           4  program_control.o(.data)
    fightCommandCount                        0x200000e4   Data           4  program_control.o(.data)
    CPU_TS_TmrFreq_Hz                        0x200000e8   Data           4  cpu_core.o(.data)
    Mem_SegHeadPtr                           0x200000ec   Data           4  lib_mem.o(.data)
    OS_CPU_ExceptStkBase                     0x200000f0   Data           4  os_cpu_c.o(.data)
    OS_KA_BASEPRI_Boundary                   0x200000f4   Data           4  os_cpu_c.o(.data)
    OSIdleTaskCtr                            0x200000f8   Data           4  os_var.o(.data)
    OSIntNestingCtr                          0x200000fc   Data           1  os_var.o(.data)
    OSRunning                                0x200000fd   Data           1  os_var.o(.data)
    OSInitialized                            0x200000fe   Data           1  os_var.o(.data)
    OSISRStkFree                             0x20000100   Data           4  os_var.o(.data)
    OSISRStkUsed                             0x20000104   Data           4  os_var.o(.data)
    OSFlagDbgListPtr                         0x20000108   Data           4  os_var.o(.data)
    OSFlagQty                                0x2000010c   Data           2  os_var.o(.data)
    OSMemDbgListPtr                          0x20000110   Data           4  os_var.o(.data)
    OSMemQty                                 0x20000114   Data           2  os_var.o(.data)
    OSMutexDbgListPtr                        0x20000118   Data           4  os_var.o(.data)
    OSMutexQty                               0x2000011c   Data           2  os_var.o(.data)
    OSPrioCur                                0x2000011e   Data           1  os_var.o(.data)
    OSPrioHighRdy                            0x2000011f   Data           1  os_var.o(.data)
    OSPrioTbl                                0x20000120   Data           8  os_var.o(.data)
    OSQDbgListPtr                            0x20000128   Data           4  os_var.o(.data)
    OSQQty                                   0x2000012c   Data           2  os_var.o(.data)
    OSSchedLockNestingCtr                    0x2000012e   Data           1  os_var.o(.data)
    OSSchedRoundRobinDfltTimeQuanta          0x20000130   Data           4  os_var.o(.data)
    OSSchedRoundRobinEn                      0x20000134   Data           1  os_var.o(.data)
    OSSemDbgListPtr                          0x20000138   Data           4  os_var.o(.data)
    OSSemQty                                 0x2000013c   Data           2  os_var.o(.data)
    OSStatResetFlag                          0x2000013e   Data           1  os_var.o(.data)
    OSStatTaskCPUUsage                       0x20000140   Data           2  os_var.o(.data)
    OSStatTaskCPUUsageMax                    0x20000142   Data           2  os_var.o(.data)
    OSStatTaskCtr                            0x20000144   Data           4  os_var.o(.data)
    OSStatTaskCtrMax                         0x20000148   Data           4  os_var.o(.data)
    OSStatTaskCtrRun                         0x2000014c   Data           4  os_var.o(.data)
    OSStatTaskRdy                            0x20000150   Data           1  os_var.o(.data)
    OSStatTaskTime                           0x20000154   Data           4  os_var.o(.data)
    OSStatTaskTimeMax                        0x20000158   Data           4  os_var.o(.data)
    OSTaskCtxSwCtr                           0x2000015c   Data           4  os_var.o(.data)
    OSTaskDbgListPtr                         0x20000160   Data           4  os_var.o(.data)
    OSTaskQty                                0x20000164   Data           2  os_var.o(.data)
    OSTaskRegNextAvailID                     0x20000166   Data           1  os_var.o(.data)
    OSTickCtr                                0x20000168   Data           4  os_var.o(.data)
    OSTickList                               0x2000016c   Data           8  os_var.o(.data)
    OSTickTime                               0x20000174   Data           4  os_var.o(.data)
    OSTickTimeMax                            0x20000178   Data           4  os_var.o(.data)
    OSTmrDbgListPtr                          0x2000017c   Data           4  os_var.o(.data)
    OSTmrListEntries                         0x20000180   Data           2  os_var.o(.data)
    OSTmrListPtr                             0x20000184   Data           4  os_var.o(.data)
    OSTmrQty                                 0x20000188   Data           2  os_var.o(.data)
    OSTmrTaskTime                            0x2000018c   Data           4  os_var.o(.data)
    OSTmrTaskTimeMax                         0x20000190   Data           4  os_var.o(.data)
    OSTmrTaskTickBase                        0x20000194   Data           4  os_var.o(.data)
    OSTmrToTicksMult                         0x20000198   Data           4  os_var.o(.data)
    OSTCBCurPtr                              0x2000019c   Data           4  os_var.o(.data)
    OSTCBHighRdyPtr                          0x200001a0   Data           4  os_var.o(.data)
    g_can0                                   0x200001a4   Data           8  mss_can.o(.data)
    GC                                       0x20003f24   Data         102  main.o(.bss)
    ZS                                       0x20003f8a   Data         552  main.o(.bss)
    g_ZJState                                0x200041b4   Data          84  extern.o(.bss)
    g_tCXUartRecv                            0x20004208   Data         276  fpgauart.o(.bss)
    g_tCXUartYKCmd                           0x2000431c   Data         260  fpgauart.o(.bss)
    g_tCXUartYCRequest                       0x20004420   Data          16  fpgauart.o(.bss)
    g_tCXUartSCRequest                       0x20004430   Data          16  fpgauart.o(.bss)
    g_tCXUartTimeBD                          0x20004440   Data          22  fpgauart.o(.bss)
    g_tDCUartRecv                            0x20004458   Data         276  fpgauart.o(.bss)
    g_tDCUartYKCmd                           0x2000456c   Data         260  fpgauart.o(.bss)
    g_tDCUartYCRequest                       0x20004670   Data          16  fpgauart.o(.bss)
    g_tDCUartSCRequest                       0x20004680   Data          16  fpgauart.o(.bss)
    g_tCXUartState                           0x20004690   Data          30  fpgauart.o(.bss)
    g_tCXUartYKCmdState                      0x200046ae   Data         528  fpgauart.o(.bss)
    g_tCXUartStdTransferData                 0x200048c0   Data          32  fpgauart.o(.bss)
    g_tCXUartQBXFcoeff                       0x200048e0   Data          56  fpgauart.o(.bss)
    g_tCXUartTaskParam                       0x20004918   Data         207  fpgauart.o(.bss)
    g_tCXUartYC                              0x200049e7   Data          64  fpgauart.o(.bss)
    g_tCXUartSC1                             0x20004a27   Data         256  fpgauart.o(.bss)
    g_tCXUartSC2                             0x20004b27   Data         256  fpgauart.o(.bss)
    g_tTXJUartRecv                           0x20004c28   Data         164  fpgauart.o(.bss)
    g_tTXJUartYKCmd                          0x20004ccc   Data         134  fpgauart.o(.bss)
    g_tTXJUartNavCmd                         0x20004d54   Data          32  fpgauart.o(.bss)
    g_tTXJUartYC_ZY                          0x20004d74   Data         274  fpgauart.o(.bss)
    g_tTXJUartYC_GC                          0x20004e86   Data        1096  fpgauart.o(.bss)
    g_tCanRecv                               0x200052d0   Data          32  fpgacan.o(.bss)
    g_tCanSendState                          0x200052f0   Data          72  fpgacan.o(.bss)
    g_tCanSend_GMYCLX                        0x20005338   Data          16  fpgacan.o(.bss)
    g_tCanSend_GMYKCMD                       0x20005348   Data          16  fpgacan.o(.bss)
    g_tCanSend_TXJYCLX                       0x20005358   Data          16  fpgacan.o(.bss)
    g_tCanSend_TXJYKCMD                      0x20005368   Data          16  fpgacan.o(.bss)
    g_tGMYC                                  0x20005378   Data         372  fpgacan.o(.bss)
    g_tTXJYC                                 0x200054ec   Data          84  fpgacan.o(.bss)
    pMsg                                     0x20005540   Data          16  can.o(.bss)
    pFilter                                  0x20005550   Data          12  can.o(.bss)
    rx_msg0                                  0x2000555c   Data          32  can.o(.bss)
    rx_msg1                                  0x2000557c   Data          32  can.o(.bss)
    can_receive_buffer                       0x2000559c   Data         128  can.o(.bss)
    wk_temperature_table                     0x2000561c   Data          84  flyprog.o(.bss)
    GNSS_buf_temp                            0x20005670   Data         510  rs422.o(.bss)
    GNSS_buf                                 0x2000586e   Data         510  rs422.o(.bss)
    GNSS_buf_old                             0x20005a6c   Data         510  rs422.o(.bss)
    GNB_buf_temp                             0x20005c6a   Data         208  rs422.o(.bss)
    GNB_buf                                  0x20005d3a   Data         208  rs422.o(.bss)
    XMA_buf_temp                             0x20005e0a   Data          41  rs422.o(.bss)
    XMA_buf                                  0x20005e33   Data          41  rs422.o(.bss)
    XMB_buf_temp                             0x20005e5c   Data          41  rs422.o(.bss)
    XMB_buf                                  0x20005e85   Data          41  rs422.o(.bss)
    FLX_buf_temp                             0x20005eae   Data          18  rs422.o(.bss)
    FLX_buf                                  0x20005ec0   Data          18  rs422.o(.bss)
    FLY_buf_temp                             0x20005ed2   Data          18  rs422.o(.bss)
    FLY_buf                                  0x20005ee4   Data          18  rs422.o(.bss)
    FLZ_buf_temp                             0x20005ef6   Data          18  rs422.o(.bss)
    FLZ_buf                                  0x20005f08   Data          18  rs422.o(.bss)
    DLX_buf_temp                             0x20005f1a   Data         500  rs422.o(.bss)
    DLX_buf                                  0x2000610e   Data         500  rs422.o(.bss)
    FLS_buf_temp                             0x20006302   Data          18  rs422.o(.bss)
    FLS_buf                                  0x20006314   Data          18  rs422.o(.bss)
    PCDU_buf_temp                            0x20006326   Data          60  rs422.o(.bss)
    PCDU_buf                                 0x20006362   Data          60  rs422.o(.bss)
    EP_buf_temp                              0x2000639e   Data          30  rs422.o(.bss)
    EP_buf                                   0x200063bc   Data          30  rs422.o(.bss)
    TLA_buf_temp                             0x200063da   Data          18  rs422.o(.bss)
    TLA_buf                                  0x200063ec   Data          18  rs422.o(.bss)
    TLB_buf_temp                             0x200063fe   Data          18  rs422.o(.bss)
    TLB_buf                                  0x20006410   Data          18  rs422.o(.bss)
    GNSS_R_buf_temp                          0x20006422   Data          38  rs422.o(.bss)
    GNSS_R_buf                               0x20006448   Data          38  rs422.o(.bss)
    SBT_DCS_buf_temp                         0x2000646e   Data          56  rs422.o(.bss)
    SBT_DCS_buf                              0x200064a6   Data          56  rs422.o(.bss)
    XTTCA_buf_temp                           0x200064de   Data          36  rs422.o(.bss)
    XTTCA_buf                                0x20006502   Data          36  rs422.o(.bss)
    XTTCB_buf_temp                           0x20006526   Data          36  rs422.o(.bss)
    XTTCB_buf                                0x2000654a   Data          36  rs422.o(.bss)
    cmdQ                                     0x2000656e   Data         384  tc.o(.bss)
    OSCfg_IdleTaskStk                        0x200066f0   Data         256  os_cfg_app.o(.bss)
    OSCfg_ISRStk                             0x200067f0   Data         512  os_cfg_app.o(.bss)
    OSCfg_MsgPool                            0x200069f0   Data         512  os_cfg_app.o(.bss)
    OSCfg_StatTaskStk                        0x20006bf0   Data         400  os_cfg_app.o(.bss)
    OSCfg_TmrTaskStk                         0x20006d80   Data         512  os_cfg_app.o(.bss)
    OSIdleTaskTCB                            0x20006f80   Data         200  os_var.o(.bss)
    OSMsgPool                                0x20007048   Data          12  os_var.o(.bss)
    OSRdyList                                0x20007054   Data         768  os_var.o(.bss)
    OSStatTaskTCB                            0x20007354   Data         200  os_var.o(.bss)
    OSTmrCond                                0x2000741c   Data          36  os_var.o(.bss)
    OSTmrMutex                               0x20007440   Data          48  os_var.o(.bss)
    OSTmrTaskTCB                             0x20007470   Data         200  os_var.o(.bss)
    __libspace_start                         0x20007538   Data          96  libspace.o(.bss)
    __temporary_stack_top$libspace           0x20007598   Data           0  libspace.o(.bss)



==============================================================================

Memory Map of the image

  Image Entry point : 0x00000189

  Load Region LR_IROM1 (Base: 0x00000000, Size: 0x0000f45c, Max: 0x00040000, ABSOLUTE, COMPRESSED[0x0000f2e4])

    Execution Region ER_IROM1 (Exec base: 0x00000000, Load base: 0x00000000, Size: 0x0000f2b0, Max: 0x00040000, ABSOLUTE)

    Exec Addr    Load Addr    Size         Type   Attr      Idx    E Section Name        Object

    0x00000000   0x00000000   0x00000188   Data   RO            3    RESET               startup_m2sxxx.o
    0x00000188   0x00000188   0x00000008   Code   RO         1143  * !!!main             c_w.l(__main.o)
    0x00000190   0x00000190   0x00000034   Code   RO         1589    !!!scatter          c_w.l(__scatter.o)
    0x000001c4   0x000001c4   0x0000005a   Code   RO         1587    !!dczerorl2         c_w.l(__dczerorl2.o)
    0x0000021e   0x0000021e   0x00000002   PAD
    0x00000220   0x00000220   0x0000001c   Code   RO         1591    !!handler_zi        c_w.l(__scatter_zi.o)
    0x0000023c   0x0000023c   0x00000000   Code   RO         1128    .ARM.Collect$$_printf_percent$$00000000  c_w.l(_printf_percent.o)
    0x0000023c   0x0000023c   0x00000006   Code   RO         1126    .ARM.Collect$$_printf_percent$$00000009  c_w.l(_printf_d.o)
    0x00000242   0x00000242   0x00000006   Code   RO         1127    .ARM.Collect$$_printf_percent$$0000000A  c_w.l(_printf_u.o)
    0x00000248   0x00000248   0x00000004   Code   RO         1192    .ARM.Collect$$_printf_percent$$00000017  c_w.l(_printf_percent_end.o)
    0x0000024c   0x0000024c   0x00000002   Code   RO         1386    .ARM.Collect$$libinit$$00000000  c_w.l(libinit.o)
    0x0000024e   0x0000024e   0x00000000   Code   RO         1388    .ARM.Collect$$libinit$$00000002  c_w.l(libinit2.o)
    0x0000024e   0x0000024e   0x00000000   Code   RO         1390    .ARM.Collect$$libinit$$00000004  c_w.l(libinit2.o)
    0x0000024e   0x0000024e   0x00000000   Code   RO         1393    .ARM.Collect$$libinit$$0000000A  c_w.l(libinit2.o)
    0x0000024e   0x0000024e   0x00000000   Code   RO         1395    .ARM.Collect$$libinit$$0000000C  c_w.l(libinit2.o)
    0x0000024e   0x0000024e   0x00000000   Code   RO         1397    .ARM.Collect$$libinit$$0000000E  c_w.l(libinit2.o)
    0x0000024e   0x0000024e   0x00000006   Code   RO         1398    .ARM.Collect$$libinit$$0000000F  c_w.l(libinit2.o)
    0x00000254   0x00000254   0x00000000   Code   RO         1400    .ARM.Collect$$libinit$$00000011  c_w.l(libinit2.o)
    0x00000254   0x00000254   0x0000000c   Code   RO         1401    .ARM.Collect$$libinit$$00000012  c_w.l(libinit2.o)
    0x00000260   0x00000260   0x00000000   Code   RO         1402    .ARM.Collect$$libinit$$00000013  c_w.l(libinit2.o)
    0x00000260   0x00000260   0x00000000   Code   RO         1404    .ARM.Collect$$libinit$$00000015  c_w.l(libinit2.o)
    0x00000260   0x00000260   0x00000000   Code   RO         1406    .ARM.Collect$$libinit$$00000017  c_w.l(libinit2.o)
    0x00000260   0x00000260   0x00000000   Code   RO         1408    .ARM.Collect$$libinit$$00000019  c_w.l(libinit2.o)
    0x00000260   0x00000260   0x00000000   Code   RO         1410    .ARM.Collect$$libinit$$0000001B  c_w.l(libinit2.o)
    0x00000260   0x00000260   0x00000000   Code   RO         1412    .ARM.Collect$$libinit$$0000001D  c_w.l(libinit2.o)
    0x00000260   0x00000260   0x00000000   Code   RO         1414    .ARM.Collect$$libinit$$0000001F  c_w.l(libinit2.o)
    0x00000260   0x00000260   0x00000000   Code   RO         1416    .ARM.Collect$$libinit$$00000021  c_w.l(libinit2.o)
    0x00000260   0x00000260   0x00000000   Code   RO         1418    .ARM.Collect$$libinit$$00000023  c_w.l(libinit2.o)
    0x00000260   0x00000260   0x00000000   Code   RO         1420    .ARM.Collect$$libinit$$00000025  c_w.l(libinit2.o)
    0x00000260   0x00000260   0x00000000   Code   RO         1424    .ARM.Collect$$libinit$$0000002C  c_w.l(libinit2.o)
    0x00000260   0x00000260   0x00000000   Code   RO         1426    .ARM.Collect$$libinit$$0000002E  c_w.l(libinit2.o)
    0x00000260   0x00000260   0x00000000   Code   RO         1428    .ARM.Collect$$libinit$$00000030  c_w.l(libinit2.o)
    0x00000260   0x00000260   0x00000000   Code   RO         1430    .ARM.Collect$$libinit$$00000032  c_w.l(libinit2.o)
    0x00000260   0x00000260   0x00000002   Code   RO         1431    .ARM.Collect$$libinit$$00000033  c_w.l(libinit2.o)
    0x00000262   0x00000262   0x00000002   Code   RO         1566    .ARM.Collect$$libshutdown$$00000000  c_w.l(libshutdown.o)
    0x00000264   0x00000264   0x00000000   Code   RO         1434    .ARM.Collect$$libshutdown$$00000003  c_w.l(libshutdown2.o)
    0x00000264   0x00000264   0x00000000   Code   RO         1437    .ARM.Collect$$libshutdown$$00000006  c_w.l(libshutdown2.o)
    0x00000264   0x00000264   0x00000000   Code   RO         1440    .ARM.Collect$$libshutdown$$00000009  c_w.l(libshutdown2.o)
    0x00000264   0x00000264   0x00000000   Code   RO         1442    .ARM.Collect$$libshutdown$$0000000B  c_w.l(libshutdown2.o)
    0x00000264   0x00000264   0x00000000   Code   RO         1445    .ARM.Collect$$libshutdown$$0000000E  c_w.l(libshutdown2.o)
    0x00000264   0x00000264   0x00000002   Code   RO         1446    .ARM.Collect$$libshutdown$$0000000F  c_w.l(libshutdown2.o)
    0x00000266   0x00000266   0x00000000   Code   RO         1174    .ARM.Collect$$rtentry$$00000000  c_w.l(__rtentry.o)
    0x00000266   0x00000266   0x00000000   Code   RO         1251    .ARM.Collect$$rtentry$$00000002  c_w.l(__rtentry2.o)
    0x00000266   0x00000266   0x00000006   Code   RO         1263    .ARM.Collect$$rtentry$$00000004  c_w.l(__rtentry4.o)
    0x0000026c   0x0000026c   0x00000000   Code   RO         1253    .ARM.Collect$$rtentry$$00000009  c_w.l(__rtentry2.o)
    0x0000026c   0x0000026c   0x00000004   Code   RO         1254    .ARM.Collect$$rtentry$$0000000A  c_w.l(__rtentry2.o)
    0x00000270   0x00000270   0x00000000   Code   RO         1256    .ARM.Collect$$rtentry$$0000000C  c_w.l(__rtentry2.o)
    0x00000270   0x00000270   0x00000008   Code   RO         1257    .ARM.Collect$$rtentry$$0000000D  c_w.l(__rtentry2.o)
    0x00000278   0x00000278   0x00000002   Code   RO         1451    .ARM.Collect$$rtexit$$00000000  c_w.l(rtexit.o)
    0x0000027a   0x0000027a   0x00000000   Code   RO         1509    .ARM.Collect$$rtexit$$00000002  c_w.l(rtexit2.o)
    0x0000027a   0x0000027a   0x00000004   Code   RO         1510    .ARM.Collect$$rtexit$$00000003  c_w.l(rtexit2.o)
    0x0000027e   0x0000027e   0x00000006   Code   RO         1511    .ARM.Collect$$rtexit$$00000004  c_w.l(rtexit2.o)
    0x00000284   0x00000284   0x00000044   Code   RO            4    .text               startup_m2sxxx.o
    0x000002c8   0x000002c8   0x00000120   Code   RO           13    .text               system_m2sxxx.o
    0x000003e8   0x000003e8   0x00000b84   Code   RO           75    .text               main.o
    0x00000f6c   0x00000f6c   0x00000388   Code   RO          252    .text               basic.o
    0x000012f4   0x000012f4   0x00000128   Code   RO          294    .text               extern.o
    0x0000141c   0x0000141c   0x00003bb0   Code   RO          332    .text               fpgauart.o
    0x00004fcc   0x00004fcc   0x00000de8   Code   RO          363    .text               fpgacan.o
    0x00005db4   0x00005db4   0x0000030c   Code   RO          399    .text               can.o
    0x000060c0   0x000060c0   0x0000020c   Code   RO          434    .text               time.o
    0x000062cc   0x000062cc   0x00000242   Code   RO          467    .text               memory.o
    0x0000650e   0x0000650e   0x00000002   PAD
    0x00006510   0x00006510   0x000005e8   Code   RO          503    .text               flyprog.o
    0x00006af8   0x00006af8   0x00000060   Code   RO          564    .text               tc.o
    0x00006b58   0x00006b58   0x00000088   Code   RO          611    .text               bsp_cpu.o
    0x00006be0   0x00006be0   0x00000054   Code   RO          650    .text               cpu_a.o
    0x00006c34   0x00006c34   0x00000220   Code   RO          653    .text               cpu_core.o
    0x00006e54   0x00006e54   0x0000085c   Code   RO          705    .text               lib_mem.o
    0x000076b0   0x000076b0   0x00000200   Code   RO          761    .text               os_cpu_c.o
    0x000078b0   0x000078b0   0x00000002   Code   RO          792    .text               os_cfg_app.o
    0x000078b2   0x000078b2   0x00000002   PAD
    0x000078b4   0x000078b4   0x00000b50   Code   RO          818    .text               os_core.o
    0x00008404   0x00008404   0x00000230   Code   RO          834    .text               os_dbg.o
    0x00008634   0x00008634   0x00000240   Code   RO          861    .text               os_mem.o
    0x00008874   0x00008874   0x00000224   Code   RO          873    .text               os_msg.o
    0x00008a98   0x00008a98   0x00000850   Code   RO          885    .text               os_mutex.o
    0x000092e8   0x000092e8   0x0000009c   Code   RO          897    .text               os_prio.o
    0x00009384   0x00009384   0x00000640   Code   RO          933    .text               os_stat.o
    0x000099c4   0x000099c4   0x00001520   Code   RO          945    .text               os_task.o
    0x0000aee4   0x0000aee4   0x0000032c   Code   RO          957    .text               os_tick.o
    0x0000b210   0x0000b210   0x0000039c   Code   RO          969    .text               os_time.o
    0x0000b5ac   0x0000b5ac   0x00000c80   Code   RO          981    .text               os_tmr.o
    0x0000c22c   0x0000c22c   0x00000180   Code   RO         1009    .text               M2S050T_MSS_CM3_hw_platform.lib(mss_gpio.o)
    0x0000c3ac   0x0000c3ac   0x00000820   Code   RO         1056    .text               M2S050T_MSS_CM3_hw_platform.lib(mss_can.o)
    0x0000cbcc   0x0000cbcc   0x00000028   Code   RO         1100    .text               c_w.l(noretval__2sprintf.o)
    0x0000cbf4   0x0000cbf4   0x00000078   Code   RO         1104    .text               c_w.l(_printf_dec.o)
    0x0000cc6c   0x0000cc6c   0x000000b8   Code   RO         1109    .text               c_w.l(__printf_ss.o)
    0x0000cd24   0x0000cd24   0x00000072   Code   RO         1129    .text               c_w.l(strtoul.o)
    0x0000cd96   0x0000cd96   0x0000008a   Code   RO         1131    .text               c_w.l(rt_memcpy_v6.o)
    0x0000ce20   0x0000ce20   0x00000064   Code   RO         1133    .text               c_w.l(rt_memcpy_w.o)
    0x0000ce84   0x0000ce84   0x00000044   Code   RO         1135    .text               c_w.l(rt_memclr.o)
    0x0000cec8   0x0000cec8   0x0000004e   Code   RO         1137    .text               c_w.l(rt_memclr_w.o)
    0x0000cf16   0x0000cf16   0x00000002   PAD
    0x0000cf18   0x0000cf18   0x00000080   Code   RO         1139    .text               c_w.l(strcmpv7m.o)
    0x0000cf98   0x0000cf98   0x00000006   Code   RO         1141    .text               c_w.l(heapauxi.o)
    0x0000cf9e   0x0000cf9e   0x00000002   Code   RO         1171    .text               c_w.l(use_no_semi.o)
    0x0000cfa0   0x0000cfa0   0x00000000   Code   RO         1173    .text               c_w.l(indicate_semi.o)
    0x0000cfa0   0x0000cfa0   0x00000010   Code   RO         1175    .text               c_w.l(rt_ctype_table.o)
    0x0000cfb0   0x0000cfb0   0x00000008   Code   RO         1180    .text               c_w.l(rt_errno_addr_intlibspace.o)
    0x0000cfb8   0x0000cfb8   0x00000016   Code   RO         1182    .text               c_w.l(_rserrno.o)
    0x0000cfce   0x0000cfce   0x000000b2   Code   RO         1184    .text               c_w.l(_printf_intcommon.o)
    0x0000d080   0x0000d080   0x00000030   Code   RO         1186    .text               c_w.l(_printf_char_common.o)
    0x0000d0b0   0x0000d0b0   0x0000000a   Code   RO         1188    .text               c_w.l(_sputc.o)
    0x0000d0ba   0x0000d0ba   0x0000009e   Code   RO         1193    .text               c_w.l(_strtoul.o)
    0x0000d158   0x0000d158   0x00000008   Code   RO         1247    .text               c_w.l(libspace.o)
    0x0000d160   0x0000d160   0x00000008   Code   RO         1268    .text               c_w.l(rt_locale_intlibspace.o)
    0x0000d168   0x0000d168   0x0000001c   Code   RO         1272    .text               c_w.l(_chval.o)
    0x0000d184   0x0000d184   0x0000004a   Code   RO         1304    .text               c_w.l(sys_stackheap_outer.o)
    0x0000d1ce   0x0000d1ce   0x0000000c   Code   RO         1375    .text               c_w.l(exit.o)
    0x0000d1da   0x0000d1da   0x00000002   PAD
    0x0000d1dc   0x0000d1dc   0x0000000c   Code   RO         1506    .text               c_w.l(sys_exit.o)
    0x0000d1e8   0x0000d1e8   0x00000108   Code   RO          789    CODE                os_cpu_a.o
    0x0000d2f0   0x0000d2f0   0x00000028   Code   RO         1234    i.__ARM_fpclassify  m_ws.l(fpclassify.o)
    0x0000d318   0x0000d318   0x000000aa   Code   RO         1236    i.__kernel_poly     m_ws.l(poly.o)
    0x0000d3c2   0x0000d3c2   0x00000002   PAD
    0x0000d3c4   0x0000d3c4   0x00000010   Code   RO         1220    i.__mathlib_dbl_divzero  m_ws.l(dunder.o)
    0x0000d3d4   0x0000d3d4   0x00000004   Code   RO         1222    i.__mathlib_dbl_infnan2  m_ws.l(dunder.o)
    0x0000d3d8   0x0000d3d8   0x0000000c   Code   RO         1223    i.__mathlib_dbl_invalid  m_ws.l(dunder.o)
    0x0000d3e4   0x0000d3e4   0x0000000e   Code   RO         1224    i.__mathlib_dbl_overflow  m_ws.l(dunder.o)
    0x0000d3f2   0x0000d3f2   0x00000002   PAD
    0x0000d3f4   0x0000d3f4   0x00000010   Code   RO         1226    i.__mathlib_dbl_underflow  m_ws.l(dunder.o)
    0x0000d404   0x0000d404   0x000009b8   Code   RO         1162    i.pow               m_ws.l(pow.o)
    0x0000ddbc   0x0000ddbc   0x0000004c   Code   RO         1240    i.sqrt              m_ws.l(sqrt.o)
    0x0000de08   0x0000de08   0x0000002c   Code   RO         1289    locale$$code        c_w.l(lc_ctype_c.o)
    0x0000de34   0x0000de34   0x00000150   Code   RO         1201    x$fpl$dadd          fz_ws.l(daddsub_clz.o)
    0x0000df84   0x0000df84   0x00000010   Code   RO         1291    x$fpl$dcheck1       fz_ws.l(dcheck1.o)
    0x0000df94   0x0000df94   0x00000018   Code   RO         1207    x$fpl$dcmpinf       fz_ws.l(dcmpi.o)
    0x0000dfac   0x0000dfac   0x000002b0   Code   RO         1210    x$fpl$ddiv          fz_ws.l(ddiv.o)
    0x0000e25c   0x0000e25c   0x00000078   Code   RO         1145    x$fpl$deqf          fz_ws.l(deqf.o)
    0x0000e2d4   0x0000e2d4   0x0000002e   Code   RO         1148    x$fpl$dflt          fz_ws.l(dflt_clz.o)
    0x0000e302   0x0000e302   0x00000002   PAD
    0x0000e304   0x0000e304   0x00000078   Code   RO         1153    x$fpl$dleqf         fz_ws.l(dleqf.o)
    0x0000e37c   0x0000e37c   0x00000154   Code   RO         1213    x$fpl$dmul          fz_ws.l(dmul.o)
    0x0000e4d0   0x0000e4d0   0x0000009c   Code   RO         1215    x$fpl$dnaninf       fz_ws.l(dnaninf.o)
    0x0000e56c   0x0000e56c   0x0000000c   Code   RO         1293    x$fpl$dretinf       fz_ws.l(dretinf.o)
    0x0000e578   0x0000e578   0x0000006c   Code   RO         1155    x$fpl$drleqf        fz_ws.l(drleqf.o)
    0x0000e5e4   0x0000e5e4   0x00000016   Code   RO         1202    x$fpl$drsb          fz_ws.l(daddsub_clz.o)
    0x0000e5fa   0x0000e5fa   0x00000002   PAD
    0x0000e5fc   0x0000e5fc   0x000001cc   Code   RO         1295    x$fpl$dsqrt         fz_ws.l(dsqrt_noumaal.o)
    0x0000e7c8   0x0000e7c8   0x000001d4   Code   RO         1203    x$fpl$dsub          fz_ws.l(daddsub_clz.o)
    0x0000e99c   0x0000e99c   0x00000064   Code   RO         1449    x$fpl$retnan        fz_ws.l(retnan.o)
    0x0000ea00   0x0000ea00   0x0000005c   Code   RO         1217    x$fpl$scalbn        fz_ws.l(scalbn.o)
    0x0000ea5c   0x0000ea5c   0x00000030   Code   RO         1504    x$fpl$trapveneer    fz_ws.l(trapv.o)
    0x0000ea8c   0x0000ea8c   0x00000000   Code   RO         1219    x$fpl$usenofp       fz_ws.l(usenofp.o)
    0x0000ea8c   0x0000ea8c   0x00000030   Data   RO          253    .constdata          basic.o
    0x0000eabc   0x0000eabc   0x000002c0   Data   RO          505    .constdata          flyprog.o
    0x0000ed7c   0x0000ed7c   0x00000104   Data   RO          654    .constdata          cpu_core.o
    0x0000ee80   0x0000ee80   0x00000064   Data   RO          794    .constdata          os_cfg_app.o
    0x0000eee4   0x0000eee4   0x00000168   Data   RO          835    .constdata          os_dbg.o
    0x0000f04c   0x0000f04c   0x000000a0   Data   RO         1010    .constdata          M2S050T_MSS_CM3_hw_platform.lib(mss_gpio.o)
    0x0000f0ec   0x0000f0ec   0x00000004   PAD
    0x0000f0f0   0x0000f0f0   0x00000088   Data   RO         1163    .constdata          m_ws.l(pow.o)
    0x0000f178   0x0000f178   0x00000008   Data   RO         1238    .constdata          m_ws.l(qnan.o)
    0x0000f180   0x0000f180   0x00000020   Data   RO         1585    Region$$Table       anon$$obj.o
    0x0000f1a0   0x0000f1a0   0x00000110   Data   RO         1288    locale$$data        c_w.l(lc_ctype_c.o)


    Execution Region RW_IRAM1 (Exec base: 0x20000000, Load base: 0x0000f2b0, Size: 0x00009d98, Max: 0x00020000, ABSOLUTE, COMPRESSED[0x00000034])

    Exec Addr    Load Addr    Size         Type   Attr      Idx    E Section Name        Object

    0x20000000   COMPRESSED   0x0000001c   Data   RW           14    .data               system_m2sxxx.o
    0x2000001c   COMPRESSED   0x00000025   Data   RW           77    .data               main.o
    0x20000041   COMPRESSED   0x00000003   PAD
    0x20000044   COMPRESSED   0x00000004   Data   RW          296    .data               extern.o
    0x20000048   COMPRESSED   0x00000005   Data   RW          334    .data               fpgauart.o
    0x2000004d   COMPRESSED   0x00000002   Data   RW          365    .data               fpgacan.o
    0x2000004f   COMPRESSED   0x00000001   Data   RW          401    .data               can.o
    0x20000050   COMPRESSED   0x00000010   Data   RW          436    .data               time.o
    0x20000060   COMPRESSED   0x0000002d   Data   RW          506    .data               flyprog.o
    0x2000008d   COMPRESSED   0x00000003   PAD
    0x20000090   COMPRESSED   0x00000058   Data   RW          585    .data               program_control.o
    0x200000e8   COMPRESSED   0x00000004   Data   RW          655    .data               cpu_core.o
    0x200000ec   COMPRESSED   0x00000004   Data   RW          706    .data               lib_mem.o
    0x200000f0   COMPRESSED   0x00000008   Data   RW          762    .data               os_cpu_c.o
    0x200000f8   COMPRESSED   0x000000ac   Data   RW          994    .data               os_var.o
    0x200001a4   COMPRESSED   0x00000008   Data   RW         1057    .data               M2S050T_MSS_CM3_hw_platform.lib(mss_can.o)
    0x200001ac        -       0x00004006   Zero   RW           76    .bss                main.o
    0x200041b2   COMPRESSED   0x00000002   PAD
    0x200041b4        -       0x00000054   Zero   RW          295    .bss                extern.o
    0x20004208        -       0x000010c6   Zero   RW          333    .bss                fpgauart.o
    0x200052ce   COMPRESSED   0x00000002   PAD
    0x200052d0        -       0x00000270   Zero   RW          364    .bss                fpgacan.o
    0x20005540        -       0x000000dc   Zero   RW          400    .bss                can.o
    0x2000561c        -       0x00000054   Zero   RW          504    .bss                flyprog.o
    0x20005670        -       0x00000efe   Zero   RW          548    .bss                rs422.o
    0x2000656e        -       0x00000180   Zero   RW          565    .bss                tc.o
    0x200066ee   COMPRESSED   0x00000002   PAD
    0x200066f0        -       0x00000890   Zero   RW          793    .bss                os_cfg_app.o
    0x20006f80        -       0x000005b8   Zero   RW          993    .bss                os_var.o
    0x20007538        -       0x00000060   Zero   RW         1248    .bss                c_w.l(libspace.o)
    0x20007598        -       0x00000800   Zero   RW            2    HEAP                startup_m2sxxx.o
    0x20007d98        -       0x00002000   Zero   RW            1    STACK               startup_m2sxxx.o


==============================================================================

Image component sizes


      Code (inc. data)   RO Data    RW Data    ZI Data      Debug   Object Name

       904         16         48          0          0      40004   basic.o
       136         18          0          0          0       1337   bsp_cpu.o
       780         32          0          1        220       2741   can.o
        84          0          0          0          0        364   cpu_a.o
       544         10        260          4          0       6309   cpu_core.o
       296         32          0          4         84      30060   extern.o
      1512         64        704         45         84      25024   flyprog.o
      3560        200          0          2        624       8474   fpgacan.o
     15280        778          0          5       4294      26912   fpgauart.o
      2140          4          0          4          0      25606   lib_mem.o
      2948        806          0         37      16390     118854   main.o
       578          0          0          0          0      12636   memory.o
         2          0        100          0       2192      18007   os_cfg_app.o
      2896        254          0          0          0      24672   os_core.o
       264          4          0          0          0        416   os_cpu_a.o
       512         36          0          8          0      20792   os_cpu_c.o
       560        272        360          0          0       4827   os_dbg.o
       576         16          0          0          0       2708   os_mem.o
       548         12          0          0          0       2622   os_msg.o
      2128         64          0          0          0       6080   os_mutex.o
       156          6          0          0          0       1016   os_prio.o
      1600        182          0          0          0       2845   os_stat.o
      5408        214          0          0          0      13242   os_task.o
       812         18          0          0          0       3185   os_tick.o
       924         40          0          0          0       2917   os_time.o
      3200        266          0          0          0       8275   os_tmr.o
         0          0          0        172       1464      16206   os_var.o
         0          0          0         88          0       1599   program_control.o
         0          0          0          0       3838      25903   rs422.o
        68         28        392          0      10240        912   startup_m2sxxx.o
       288         40          0         28          0       6281   system_m2sxxx.o
        96         10          0          0        384       1096   tc.o
       524         28          0         16          0       3403   time.o

    ----------------------------------------------------------------------
     49328       3450       1896        420      39820     465325   Object Totals
         0          0         32          0          0          0   (incl. Generated)
         4          0          0          6          6          0   (incl. Padding)

    ----------------------------------------------------------------------

      Code (inc. data)   RO Data    RW Data    ZI Data      Debug   Library Member Name

      2080         28          0          8          0      75535   mss_can.o
       384         26        160          0          0      65316   mss_gpio.o
        90          0          0          0          0          0   __dczerorl2.o
         8          0          0          0          0         68   __main.o
       184          0          0          0          0         84   __printf_ss.o
         0          0          0          0          0          0   __rtentry.o
        12          0          0          0          0          0   __rtentry2.o
         6          0          0          0          0          0   __rtentry4.o
        52          8          0          0          0          0   __scatter.o
        28          0          0          0          0          0   __scatter_zi.o
        28          0          0          0          0         68   _chval.o
        48          6          0          0          0         96   _printf_char_common.o
         6          0          0          0          0          0   _printf_d.o
       120         16          0          0          0         92   _printf_dec.o
       178          0          0          0          0         88   _printf_intcommon.o
         0          0          0          0          0          0   _printf_percent.o
         4          0          0          0          0          0   _printf_percent_end.o
         6          0          0          0          0          0   _printf_u.o
        22          0          0          0          0        100   _rserrno.o
        10          0          0          0          0         68   _sputc.o
       158          0          0          0          0         92   _strtoul.o
        12          0          0          0          0         72   exit.o
         6          0          0          0          0        152   heapauxi.o
         0          0          0          0          0          0   indicate_semi.o
        44         10        272          0          0         76   lc_ctype_c.o
         2          0          0          0          0          0   libinit.o
        20          0          0          0          0          0   libinit2.o
         2          0          0          0          0          0   libshutdown.o
         2          0          0          0          0          0   libshutdown2.o
         8          4          0          0         96         68   libspace.o
        40          6          0          0          0         84   noretval__2sprintf.o
        16          4          0          0          0         76   rt_ctype_table.o
         8          4          0          0          0         68   rt_errno_addr_intlibspace.o
         8          4          0          0          0         68   rt_locale_intlibspace.o
        68          0          0          0          0         68   rt_memclr.o
        78          0          0          0          0         80   rt_memclr_w.o
       138          0          0          0          0         68   rt_memcpy_v6.o
       100          0          0          0          0         80   rt_memcpy_w.o
         2          0          0          0          0          0   rtexit.o
        10          0          0          0          0          0   rtexit2.o
       128          0          0          0          0         68   strcmpv7m.o
       114          0          0          0          0         92   strtoul.o
        12          4          0          0          0         68   sys_exit.o
        74          0          0          0          0         80   sys_stackheap_outer.o
         2          0          0          0          0         68   use_no_semi.o
       826         16          0          0          0        348   daddsub_clz.o
        16          4          0          0          0         68   dcheck1.o
        24          0          0          0          0         68   dcmpi.o
       688        140          0          0          0        208   ddiv.o
       120          4          0          0          0         92   deqf.o
        46          0          0          0          0         68   dflt_clz.o
       120          4          0          0          0         92   dleqf.o
       340         12          0          0          0        104   dmul.o
       156          4          0          0          0         92   dnaninf.o
        12          0          0          0          0         68   dretinf.o
       108          0          0          0          0         80   drleqf.o
       460         56          0          0          0        120   dsqrt_noumaal.o
       100          0          0          0          0         68   retnan.o
        92          0          0          0          0         68   scalbn.o
        48          0          0          0          0         68   trapv.o
         0          0          0          0          0          0   usenofp.o
        62         10          0          0          0        340   dunder.o
        40          0          0          0          0         68   fpclassify.o
       170          0          0          0          0         96   poly.o
      2488        190        136          0          0        300   pow.o
         0          0          8          0          0          0   qnan.o
        76          0          0          0          0         84   sqrt.o

    ----------------------------------------------------------------------
     10324        560        580          8         96     145443   Library Totals
        14          0          4          0          0          0   (incl. Padding)

    ----------------------------------------------------------------------

      Code (inc. data)   RO Data    RW Data    ZI Data      Debug   Library Name

      2464         54        160          8          0     140851   M2S050T_MSS_CM3_hw_platform.lib
      1854         66        272          0         96       2092   c_w.l
      3156        240          0          0          0       1612   fz_ws.l
      2836        200        144          0          0        888   m_ws.l

    ----------------------------------------------------------------------
     10324        560        580          8         96     145443   Library Totals

    ----------------------------------------------------------------------

==============================================================================


      Code (inc. data)   RO Data    RW Data    ZI Data      Debug   

     59652       4010       2476        428      39916     605616   Grand Totals
     59652       4010       2476         52      39916     605616   ELF Image Totals (compressed)
     59652       4010       2476         52          0          0   ROM Totals

==============================================================================

    Total RO  Size (Code + RO Data)                62128 (  60.67kB)
    Total RW  Size (RW Data + ZI Data)             40344 (  39.40kB)
    Total ROM Size (Code + RO Data + RW Data)      62180 (  60.72kB)

==============================================================================

